=== 2026-09-28T12:02:23Z
tercen-worker-worker-8-7cc4854b97-992kq   3m           245Mi           
=== 2026-09-28T12:02:34Z
tercen-worker-worker-8-7cc4854b97-992kq   3m           245Mi           
=== 2026-09-28T12:02:44Z
tercen-worker-worker-8-7cc4854b97-992kq   3m           245Mi           
=== 2026-09-28T12:02:54Z
tercen-worker-worker-8-7cc4854b97-992kq   3m           245Mi           
=== 2026-09-28T12:03:05Z
tercen-worker-worker-8-7cc4854b97-992kq   3m           245Mi           
=== 2026-09-28T12:03:15Z
tercen-worker-worker-8-7cc4854b97-992kq   3m           245Mi           
=== 2026-09-28T12:03:25Z
tercen-worker-worker-8-7cc4854b97-992kq   3m           245Mi           
=== 2026-09-28T12:03:36Z
tercen-worker-worker-8-7cc4854b97-992kq   3m           245Mi           
=== 2026-09-28T12:03:46Z
tercen-worker-worker-8-7cc4854b97-992kq   3m           245Mi           
=== 2026-09-28T12:03:56Z
tercen-worker-worker-8-7cc4854b97-992kq   3m           245Mi           
=== 2026-09-28T12:04:07Z
tercen-worker-worker-8-7cc4854b97-992kq   3m           245Mi           
=== 2026-09-28T12:04:17Z
tercen-worker-worker-8-7cc4854b97-992kq   3m           245Mi           
=== 2026-09-28T12:04:28Z
tercen-worker-worker-8-7cc4854b97-992kq   3m           245Mi           
=== 2026-09-28T12:04:38Z
tercen-worker-worker-8-7cc4854b97-992kq   3m           245Mi           
=== 2026-09-28T12:04:48Z
tercen-worker-worker-8-7cc4854b97-992kq   3m           245Mi           
=== 2026-09-28T12:04:59Z
tercen-worker-worker-8-7cc4854b97-992kq   3m           245Mi           
=== 2026-09-28T12:05:09Z
tercen-worker-worker-8-7cc4854b97-992kq   3m           245Mi           
=== 2026-09-28T12:05:19Z
tercen-worker-worker-8-7cc4854b97-992kq   3m           245Mi           
=== 2026-09-28T12:05:30Z
tercen-worker-worker-8-7cc4854b97-992kq   3m           245Mi           
=== 2026-09-28T12:05:40Z
tercen-worker-worker-8-7cc4854b97-992kq   3m           245Mi           
=== 2026-09-28T12:05:50Z
tercen-worker-worker-8-7cc4854b97-992kq   3m           245Mi           
=== 2026-09-28T12:06:01Z
tercen-worker-worker-8-7cc4854b97-992kq   3m           245Mi           
=== 2026-09-28T12:06:11Z
tercen-worker-worker-8-7cc4854b97-992kq   3m           245Mi           
=== 2026-09-28T12:06:21Z
tercen-worker-worker-8-7cc4854b97-992kq   4m           245Mi           
=== 2026-09-28T12:06:32Z
tercen-worker-worker-8-7cc4854b97-992kq   4m           245Mi           
=== 2026-09-28T12:06:42Z
tercen-worker-worker-8-7cc4854b97-992kq   4m           245Mi           
=== 2026-09-28T12:06:53Z
tercen-worker-worker-8-7cc4854b97-992kq   4m           245Mi           
=== 2026-09-28T12:07:03Z
tercen-worker-worker-8-7cc4854b97-992kq   4m           245Mi           
=== 2026-09-28T12:07:13Z
tercen-worker-worker-8-7cc4854b97-992kq   3m           245Mi           
=== 2026-09-28T12:07:24Z
tercen-worker-worker-8-7cc4854b97-992kq   3m           245Mi           
=== 2026-09-28T12:07:34Z
tercen-worker-worker-8-7cc4854b97-992kq   3m           245Mi           
=== 2026-09-28T12:07:44Z
tercen-worker-worker-8-7cc4854b97-992kq   3m           245Mi           
=== 2026-09-28T12:07:55Z
tercen-worker-worker-8-7cc4854b97-992kq   3m           245Mi           
=== 2026-09-28T12:08:05Z
tercen-worker-worker-8-7cc4854b97-992kq   3m           245Mi           
=== 2026-09-28T12:08:16Z
tercen-worker-worker-8-7cc4854b97-992kq   3m           245Mi           
=== 2026-09-28T12:08:26Z
tercen-worker-worker-8-7cc4854b97-992kq   3m           245Mi           
=== 2026-09-28T12:08:36Z
tercen-worker-worker-8-7cc4854b97-992kq   3m           245Mi           
=== 2026-09-28T12:08:47Z
tercen-worker-worker-8-7cc4854b97-992kq   3m           245Mi           
=== 2026-09-28T12:08:57Z
tercen-worker-worker-8-7cc4854b97-992kq   3m           245Mi           
=== 2026-09-28T12:09:07Z
tercen-worker-worker-8-7cc4854b97-992kq   3m           245Mi           
=== 2026-09-28T12:09:18Z
tercen-worker-worker-8-7cc4854b97-992kq   3m           245Mi           
=== 2026-09-28T12:09:28Z
tercen-worker-worker-8-7cc4854b97-992kq   3m           245Mi           
=== 2026-09-28T12:09:39Z
tercen-worker-worker-8-7cc4854b97-992kq   3m           245Mi           
=== 2026-09-28T12:09:49Z
tercen-worker-worker-8-7cc4854b97-992kq   3m           245Mi           
=== 2026-09-28T12:09:59Z
tercen-worker-worker-8-7cc4854b97-992kq   3m           245Mi           
=== 2026-09-28T12:10:10Z
tercen-worker-worker-8-7cc4854b97-992kq   3m           245Mi           
=== 2026-09-28T12:10:20Z
tercen-worker-worker-8-7cc4854b97-992kq   3m           245Mi           
=== 2026-09-28T12:10:30Z
tercen-worker-worker-8-7cc4854b97-992kq   3m           245Mi           
=== 2026-09-28T12:10:41Z
tercen-worker-worker-8-7cc4854b97-992kq   3m           245Mi           
=== 2026-09-28T12:10:51Z
tercen-worker-worker-8-7cc4854b97-992kq   3m           245Mi           
=== 2026-09-28T12:11:02Z
tercen-worker-worker-8-7cc4854b97-992kq   3m           245Mi           
=== 2026-09-28T12:11:12Z
tercen-worker-worker-8-7cc4854b97-992kq   3m           245Mi           
=== 2026-09-28T12:11:22Z
tercen-worker-worker-8-7cc4854b97-992kq   27m          258Mi           
=== 2026-09-28T12:11:33Z
tercen-worker-worker-8-7cc4854b97-992kq   27m          258Mi           
=== 2026-09-28T12:11:43Z
tercen-worker-worker-8-7cc4854b97-992kq   3m           258Mi           
=== 2026-09-28T12:11:53Z
tercen-worker-worker-8-7cc4854b97-992kq   3m           258Mi           
=== 2026-09-28T12:12:04Z
tercen-worker-worker-8-7cc4854b97-992kq   3m           258Mi           
=== 2026-09-28T12:12:14Z
tercen-worker-worker-8-7cc4854b97-992kq   7m           258Mi           
=== 2026-09-28T12:12:24Z
tercen-worker-worker-8-7cc4854b97-992kq   7m           258Mi           
=== 2026-09-28T12:12:35Z
tercen-worker-worker-8-7cc4854b97-992kq   7m           258Mi           
=== 2026-09-28T12:12:45Z
tercen-worker-worker-8-7cc4854b97-992kq   7m           258Mi           
=== 2026-09-28T12:12:56Z
tercen-worker-worker-8-7cc4854b97-992kq   7m           258Mi           
=== 2026-09-28T12:13:06Z
tercen-worker-worker-8-7cc4854b97-992kq   7m           258Mi           
=== 2026-09-28T12:13:16Z
tercen-worker-worker-8-7cc4854b97-992kq   3m           255Mi           
=== 2026-09-28T12:13:27Z
tercen-worker-worker-8-7cc4854b97-992kq   3m           255Mi           
=== 2026-09-28T12:13:37Z
tercen-worker-worker-8-7cc4854b97-992kq   3m           255Mi           
=== 2026-09-28T12:13:47Z
tercen-worker-worker-8-7cc4854b97-992kq   3m           255Mi           
=== 2026-09-28T12:13:58Z
tercen-worker-worker-8-7cc4854b97-992kq   3m           255Mi           
=== 2026-09-28T12:14:08Z
tercen-worker-worker-8-7cc4854b97-992kq   3m           255Mi           
=== 2026-09-28T12:14:18Z
tercen-worker-worker-8-7cc4854b97-992kq   3m           255Mi           
=== 2026-09-28T12:14:29Z
tercen-worker-worker-8-7cc4854b97-992kq   3m           255Mi           
=== 2026-09-28T12:14:39Z
tercen-worker-worker-8-7cc4854b97-992kq   3m           255Mi           
=== 2026-09-28T12:14:49Z
tercen-worker-worker-8-7cc4854b97-992kq   3m           255Mi           
=== 2026-09-28T12:15:00Z
tercen-worker-worker-8-7cc4854b97-992kq   3m           255Mi           
=== 2026-09-28T12:15:10Z
tercen-worker-worker-8-7cc4854b97-992kq   3m           255Mi           
=== 2026-09-28T12:15:21Z
tercen-worker-worker-8-7cc4854b97-992kq   3m           255Mi           
=== 2026-09-28T12:15:31Z
tercen-worker-worker-8-7cc4854b97-992kq   3m           255Mi           
=== 2026-09-28T12:15:41Z
tercen-worker-worker-8-7cc4854b97-992kq   3m           255Mi           
=== 2026-09-28T12:15:52Z
tercen-worker-worker-8-7cc4854b97-992kq   3m           255Mi           
=== 2026-09-28T12:16:02Z
tercen-worker-worker-8-7cc4854b97-992kq   3m           255Mi           
=== 2026-09-28T12:16:12Z
tercen-worker-worker-8-7cc4854b97-992kq   3m           255Mi           
=== 2026-09-28T12:16:23Z
tercen-worker-worker-8-7cc4854b97-992kq   10m          256Mi           
=== 2026-09-28T12:16:33Z
tercen-worker-worker-8-7cc4854b97-992kq   10m          256Mi           
=== 2026-09-28T12:16:43Z
tercen-worker-worker-8-7cc4854b97-992kq   3m           255Mi           
=== 2026-09-28T12:16:54Z
tercen-worker-worker-8-7cc4854b97-992kq   3m           255Mi           
=== 2026-09-28T12:17:04Z
tercen-worker-worker-8-7cc4854b97-992kq   3m           255Mi           
=== 2026-09-28T12:17:14Z
tercen-worker-worker-8-7cc4854b97-992kq   3m           255Mi           
=== 2026-09-28T12:17:25Z
tercen-worker-worker-8-7cc4854b97-992kq   3m           255Mi           
=== 2026-09-28T12:17:35Z
tercen-worker-worker-8-7cc4854b97-992kq   3m           255Mi           
=== 2026-09-28T12:17:45Z
tercen-worker-worker-8-7cc4854b97-992kq   3m           255Mi           
=== 2026-09-28T12:17:56Z
tercen-worker-worker-8-7cc4854b97-992kq   3m           255Mi           
=== 2026-09-28T12:18:06Z
tercen-worker-worker-8-7cc4854b97-992kq   3m           255Mi           
=== 2026-09-28T12:18:16Z
tercen-worker-worker-8-7cc4854b97-992kq   3m           255Mi           
tercen-worker-worker-8-7cc4854b97-s2l54   432m         484Mi           
=== 2026-09-28T12:18:27Z
tercen-worker-worker-8-7cc4854b97-992kq   3m           255Mi           
tercen-worker-worker-8-7cc4854b97-s2l54   432m         484Mi           
=== 2026-09-28T12:18:37Z
tercen-worker-worker-8-7cc4854b97-992kq   3m           255Mi           
tercen-worker-worker-8-7cc4854b97-s2l54   432m         484Mi           
=== 2026-09-28T12:18:48Z
tercen-worker-worker-8-7cc4854b97-992kq   3m           255Mi           
tercen-worker-worker-8-7cc4854b97-s2l54   1079m        587Mi           
=== 2026-09-28T12:18:58Z
tercen-worker-worker-8-7cc4854b97-s2l54   1079m        587Mi           
=== 2026-09-28T12:19:08Z
tercen-worker-worker-8-7cc4854b97-s2l54   1079m        587Mi           
=== 2026-09-28T12:19:19Z
tercen-worker-worker-8-7cc4854b97-s2l54   348m         213Mi           
=== 2026-09-28T12:19:29Z
tercen-worker-worker-8-7cc4854b97-s2l54   348m         213Mi           
=== 2026-09-28T12:19:40Z
tercen-worker-worker-8-7cc4854b97-s2l54   348m         213Mi           
=== 2026-09-28T12:19:50Z
tercen-worker-worker-8-7cc4854b97-s2l54   3m           213Mi           
=== 2026-09-28T12:20:00Z
tercen-worker-worker-8-7cc4854b97-s2l54   3m           213Mi           
=== 2026-09-28T12:20:11Z
tercen-worker-worker-8-7cc4854b97-s2l54   3m           213Mi           
=== 2026-09-28T12:20:21Z
tercen-worker-worker-8-7cc4854b97-s2l54   7m           214Mi           
=== 2026-09-28T12:20:31Z
tercen-worker-worker-8-7cc4854b97-s2l54   7m           214Mi           
=== 2026-09-28T12:20:42Z
tercen-worker-worker-8-7cc4854b97-s2l54   7m           214Mi           
=== 2026-09-28T12:20:52Z
tercen-worker-worker-8-7cc4854b97-s2l54   7m           214Mi           
=== 2026-09-28T12:21:02Z
tercen-worker-worker-8-7cc4854b97-s2l54   3m           212Mi           
=== 2026-09-28T12:21:13Z
tercen-worker-worker-8-7cc4854b97-s2l54   7m           192Mi           
=== 2026-09-28T12:21:23Z
tercen-worker-worker-8-7cc4854b97-s2l54   7m           192Mi           
=== 2026-09-28T12:21:33Z
tercen-worker-worker-8-7cc4854b97-s2l54   7m           192Mi           
=== 2026-09-28T12:21:44Z
tercen-worker-worker-8-7cc4854b97-s2l54   3m           191Mi           
=== 2026-09-28T12:21:54Z
tercen-worker-worker-8-7cc4854b97-s2l54   3m           191Mi           
=== 2026-09-28T12:22:04Z
tercen-worker-worker-8-7cc4854b97-s2l54   3m           191Mi           
=== 2026-09-28T12:22:15Z
tercen-worker-worker-8-7cc4854b97-s2l54   3m           190Mi           
=== 2026-09-28T12:22:25Z
tercen-worker-worker-8-7cc4854b97-s2l54   3m           190Mi           
=== 2026-09-28T12:22:35Z
tercen-worker-worker-8-7cc4854b97-s2l54   3m           190Mi           
=== 2026-09-28T12:22:46Z
tercen-worker-worker-8-7cc4854b97-s2l54   3m           190Mi           
=== 2026-09-28T12:22:56Z
tercen-worker-worker-8-7cc4854b97-s2l54   3m           190Mi           
=== 2026-09-28T12:23:07Z
tercen-worker-worker-8-7cc4854b97-s2l54   3m           190Mi           
=== 2026-09-28T12:23:17Z
tercen-worker-worker-8-7cc4854b97-s2l54   3m           190Mi           
=== 2026-09-28T12:23:27Z
tercen-worker-worker-8-7cc4854b97-s2l54   3m           190Mi           
=== 2026-09-28T12:23:38Z
tercen-worker-worker-8-7cc4854b97-s2l54   3m           190Mi           
=== 2026-09-28T12:23:48Z
tercen-worker-worker-8-7cc4854b97-s2l54   3m           190Mi           
=== 2026-09-28T12:23:58Z
tercen-worker-worker-8-7cc4854b97-s2l54   3m           190Mi           
=== 2026-09-28T12:24:09Z
tercen-worker-worker-8-7cc4854b97-s2l54   3m           190Mi           
=== 2026-09-28T12:24:19Z
tercen-worker-worker-8-7cc4854b97-s2l54   3m           191Mi           
=== 2026-09-28T12:24:29Z
tercen-worker-worker-8-7cc4854b97-s2l54   3m           191Mi           
=== 2026-09-28T12:24:40Z
tercen-worker-worker-8-7cc4854b97-s2l54   3m           191Mi           
=== 2026-09-28T12:24:50Z
tercen-worker-worker-8-7cc4854b97-s2l54   3m           190Mi           
=== 2026-09-28T12:25:00Z
tercen-worker-worker-8-7cc4854b97-s2l54   3m           190Mi           
=== 2026-09-28T12:25:11Z
tercen-worker-worker-8-7cc4854b97-s2l54   3m           190Mi           
=== 2026-09-28T12:25:21Z
tercen-worker-worker-8-7cc4854b97-s2l54   25m          243Mi           
=== 2026-09-28T12:25:31Z
tercen-worker-worker-8-7cc4854b97-s2l54   25m          243Mi           
=== 2026-09-28T12:25:42Z
tercen-worker-worker-8-7cc4854b97-s2l54   25m          243Mi           
=== 2026-09-28T12:25:52Z
tercen-worker-worker-8-7cc4854b97-s2l54   3m           243Mi           
=== 2026-09-28T12:26:02Z
tercen-worker-worker-8-7cc4854b97-s2l54   3m           243Mi           
=== 2026-09-28T12:26:13Z
tercen-worker-worker-8-7cc4854b97-s2l54   3m           243Mi           
=== 2026-09-28T12:26:23Z
tercen-worker-worker-8-7cc4854b97-s2l54   3m           243Mi           
=== 2026-09-28T12:26:34Z
tercen-worker-worker-8-7cc4854b97-s2l54   3m           243Mi           
=== 2026-09-28T12:26:44Z
tercen-worker-worker-8-7cc4854b97-s2l54   3m           243Mi           
=== 2026-09-28T12:26:54Z
tercen-worker-worker-8-7cc4854b97-s2l54   3m           243Mi           
=== 2026-09-28T12:27:05Z
tercen-worker-worker-8-7cc4854b97-s2l54   3m           243Mi           
=== 2026-09-28T12:27:15Z
tercen-worker-worker-8-7cc4854b97-s2l54   3m           239Mi           
=== 2026-09-28T12:27:25Z
tercen-worker-worker-8-7cc4854b97-s2l54   3m           239Mi           
=== 2026-09-28T12:27:36Z
tercen-worker-worker-8-7cc4854b97-s2l54   3m           239Mi           
=== 2026-09-28T12:27:46Z
tercen-worker-worker-8-7cc4854b97-s2l54   3m           239Mi           
=== 2026-09-28T12:27:56Z
tercen-worker-worker-8-7cc4854b97-s2l54   3m           239Mi           
=== 2026-09-28T12:28:07Z
tercen-worker-worker-8-7cc4854b97-s2l54   3m           239Mi           
=== 2026-09-28T12:28:17Z
tercen-worker-worker-8-7cc4854b97-s2l54   3m           239Mi           
=== 2026-09-28T12:28:28Z
tercen-worker-worker-8-7cc4854b97-s2l54   3m           239Mi           
=== 2026-09-28T12:28:38Z
tercen-worker-worker-8-7cc4854b97-s2l54   3m           239Mi           
=== 2026-09-28T12:28:49Z
tercen-worker-worker-8-7cc4854b97-s2l54   3m           239Mi           
=== 2026-09-28T12:28:59Z
tercen-worker-worker-8-7cc4854b97-s2l54   3m           239Mi           
=== 2026-09-28T12:29:09Z
tercen-worker-worker-8-7cc4854b97-s2l54   3m           239Mi           
=== 2026-09-28T12:29:20Z
tercen-worker-worker-8-7cc4854b97-s2l54   3m           237Mi           
=== 2026-09-28T12:29:30Z
tercen-worker-worker-8-7cc4854b97-s2l54   3m           237Mi           
=== 2026-09-28T12:29:40Z
tercen-worker-worker-8-7cc4854b97-s2l54   3m           237Mi           
=== 2026-09-28T12:29:51Z
tercen-worker-worker-8-7cc4854b97-s2l54   3m           237Mi           
=== 2026-09-28T12:30:01Z
tercen-worker-worker-8-7cc4854b97-s2l54   3m           237Mi           
=== 2026-09-28T12:30:12Z
tercen-worker-worker-8-7cc4854b97-s2l54   3m           237Mi           
=== 2026-09-28T12:30:22Z
tercen-worker-worker-8-7cc4854b97-s2l54   3m           237Mi           
=== 2026-09-28T12:30:32Z
tercen-worker-worker-8-7cc4854b97-s2l54   3m           237Mi           
=== 2026-09-28T12:30:43Z
tercen-worker-worker-8-7cc4854b97-s2l54   3m           237Mi           
=== 2026-09-28T12:30:53Z
tercen-worker-worker-8-7cc4854b97-s2l54   3m           237Mi           
=== 2026-09-28T12:31:03Z
tercen-worker-worker-8-7cc4854b97-s2l54   3m           237Mi           
=== 2026-09-28T12:31:14Z
tercen-worker-worker-8-7cc4854b97-s2l54   3m           237Mi           
=== 2026-09-28T12:31:24Z
tercen-worker-worker-8-7cc4854b97-s2l54   3m           237Mi           
=== 2026-09-28T12:31:34Z
tercen-worker-worker-8-7cc4854b97-s2l54   3m           237Mi           
=== 2026-09-28T12:31:45Z
tercen-worker-worker-8-7cc4854b97-s2l54   3m           237Mi           
=== 2026-09-28T12:31:55Z
tercen-worker-worker-8-7cc4854b97-s2l54   3m           237Mi           
=== 2026-09-28T12:32:05Z
tercen-worker-worker-8-7cc4854b97-s2l54   3m           237Mi           
=== 2026-09-28T12:32:16Z
tercen-worker-worker-8-7cc4854b97-s2l54   3m           237Mi           
=== 2026-09-28T12:32:26Z
tercen-worker-worker-8-7cc4854b97-s2l54   3m           237Mi           
=== 2026-09-28T12:32:37Z
tercen-worker-worker-8-7cc4854b97-s2l54   3m           237Mi           
=== 2026-09-28T12:32:47Z
tercen-worker-worker-8-7cc4854b97-s2l54   3m           237Mi           
=== 2026-09-28T12:32:57Z
tercen-worker-worker-8-7cc4854b97-s2l54   3m           237Mi           
=== 2026-09-28T12:33:08Z
tercen-worker-worker-8-7cc4854b97-s2l54   3m           237Mi           
=== 2026-09-28T12:33:18Z
tercen-worker-worker-8-7cc4854b97-s2l54   3m           237Mi           
=== 2026-09-28T12:33:28Z
tercen-worker-worker-8-7cc4854b97-s2l54   3m           237Mi           
=== 2026-09-28T12:33:39Z
tercen-worker-worker-8-7cc4854b97-s2l54   3m           237Mi           
=== 2026-09-28T12:33:49Z
tercen-worker-worker-8-7cc4854b97-s2l54   3m           237Mi           
=== 2026-09-28T12:33:59Z
tercen-worker-worker-8-7cc4854b97-s2l54   3m           237Mi           
=== 2026-09-28T12:34:10Z
tercen-worker-worker-8-7cc4854b97-s2l54   3m           237Mi           
=== 2026-09-28T12:34:20Z
tercen-worker-worker-8-7cc4854b97-s2l54   3m           237Mi           
=== 2026-09-28T12:34:30Z
tercen-worker-worker-8-7cc4854b97-s2l54   3m           237Mi           
=== 2026-09-28T12:34:41Z
tercen-worker-worker-8-7cc4854b97-s2l54   3m           237Mi           
=== 2026-09-28T12:34:51Z
tercen-worker-worker-8-7cc4854b97-s2l54   3m           237Mi           
=== 2026-09-28T12:35:01Z
tercen-worker-worker-8-7cc4854b97-s2l54   3m           237Mi           
=== 2026-09-28T12:35:12Z
tercen-worker-worker-8-7cc4854b97-s2l54   3m           237Mi           
=== 2026-09-28T12:35:22Z
tercen-worker-worker-8-7cc4854b97-s2l54   3m           237Mi           
=== 2026-09-28T12:35:33Z
tercen-worker-worker-8-7cc4854b97-s2l54   3m           237Mi           
=== 2026-09-28T12:35:43Z
tercen-worker-worker-8-7cc4854b97-s2l54   3m           237Mi           
=== 2026-09-28T12:35:53Z
tercen-worker-worker-8-7cc4854b97-s2l54   3m           237Mi           
=== 2026-09-28T12:36:04Z
tercen-worker-worker-8-7cc4854b97-s2l54   3m           237Mi           
=== 2026-09-28T12:36:14Z
tercen-worker-worker-8-7cc4854b97-s2l54   3m           237Mi           
=== 2026-09-28T12:36:24Z
tercen-worker-worker-8-7cc4854b97-s2l54   3m           237Mi           
=== 2026-09-28T12:36:35Z
tercen-worker-worker-8-7cc4854b97-s2l54   3m           237Mi           
=== 2026-09-28T12:36:45Z
tercen-worker-worker-8-7cc4854b97-s2l54   3m           237Mi           
=== 2026-09-28T12:36:55Z
tercen-worker-worker-8-7cc4854b97-s2l54   3m           237Mi           
=== 2026-09-28T12:37:06Z
tercen-worker-worker-8-7cc4854b97-s2l54   3m           237Mi           
=== 2026-09-28T12:37:16Z
tercen-worker-worker-8-7cc4854b97-s2l54   3m           237Mi           
=== 2026-09-28T12:37:26Z
tercen-worker-worker-8-7cc4854b97-s2l54   3m           237Mi           
=== 2026-09-28T12:37:37Z
tercen-worker-worker-8-7cc4854b97-s2l54   3m           237Mi           
=== 2026-09-28T12:37:47Z
tercen-worker-worker-8-7cc4854b97-s2l54   3m           237Mi           
=== 2026-09-28T12:37:57Z
tercen-worker-worker-8-7cc4854b97-s2l54   3m           237Mi           
=== 2026-09-28T12:38:08Z
tercen-worker-worker-8-7cc4854b97-s2l54   3m           237Mi           
=== 2026-09-28T12:38:18Z
tercen-worker-worker-8-7cc4854b97-s2l54   3m           237Mi           
=== 2026-09-28T12:38:28Z
tercen-worker-worker-8-7cc4854b97-s2l54   3m           237Mi           
=== 2026-09-28T12:38:39Z
tercen-worker-worker-8-7cc4854b97-s2l54   3m           237Mi           
=== 2026-09-28T12:38:49Z
tercen-worker-worker-8-7cc4854b97-s2l54   3m           237Mi           
=== 2026-09-28T12:39:00Z
tercen-worker-worker-8-7cc4854b97-s2l54   3m           237Mi           
=== 2026-09-28T12:39:10Z
tercen-worker-worker-8-7cc4854b97-s2l54   3m           237Mi           
=== 2026-09-28T12:39:20Z
tercen-worker-worker-8-7cc4854b97-s2l54   3m           237Mi           
=== 2026-09-28T12:39:31Z
tercen-worker-worker-8-7cc4854b97-s2l54   3m           237Mi           
=== 2026-09-28T12:39:41Z
tercen-worker-worker-8-7cc4854b97-s2l54   3m           237Mi           
=== 2026-09-28T12:39:51Z
tercen-worker-worker-8-7cc4854b97-s2l54   3m           237Mi           
=== 2026-09-28T12:40:02Z
tercen-worker-worker-8-7cc4854b97-s2l54   3m           237Mi           
=== 2026-09-28T12:40:12Z
tercen-worker-worker-8-7cc4854b97-s2l54   3m           237Mi           
=== 2026-09-28T12:40:23Z
tercen-worker-worker-8-7cc4854b97-s2l54   3m           237Mi           
=== 2026-09-28T12:40:33Z
tercen-worker-worker-8-7cc4854b97-s2l54   3m           237Mi           
=== 2026-09-28T12:40:43Z
tercen-worker-worker-8-7cc4854b97-s2l54   499m         1215Mi          
=== 2026-09-28T12:40:54Z
tercen-worker-worker-8-7cc4854b97-s2l54   499m         1215Mi          
=== 2026-09-28T12:41:04Z
tercen-worker-worker-8-7cc4854b97-s2l54   499m         1215Mi          
=== 2026-09-28T12:41:14Z
tercen-worker-worker-8-7cc4854b97-s2l54   878m         301Mi           
=== 2026-09-28T12:41:25Z
tercen-worker-worker-8-7cc4854b97-s2l54   878m         301Mi           
=== 2026-09-28T12:41:35Z
tercen-worker-worker-8-7cc4854b97-s2l54   878m         301Mi           
=== 2026-09-28T12:41:45Z
tercen-worker-worker-8-7cc4854b97-s2l54   6m           259Mi           
=== 2026-09-28T12:41:56Z
tercen-worker-worker-8-7cc4854b97-s2l54   6m           259Mi           
=== 2026-09-28T12:42:06Z
tercen-worker-worker-8-7cc4854b97-s2l54   6m           259Mi           
=== 2026-09-28T12:42:16Z
tercen-worker-worker-8-7cc4854b97-s2l54   7m           260Mi           
=== 2026-09-28T12:42:27Z
tercen-worker-worker-8-7cc4854b97-s2l54   7m           260Mi           
=== 2026-09-28T12:42:37Z
tercen-worker-worker-8-7cc4854b97-s2l54   7m           260Mi           
=== 2026-09-28T12:42:47Z
tercen-worker-worker-8-7cc4854b97-s2l54   3m           257Mi           
=== 2026-09-28T12:42:58Z
tercen-worker-worker-8-7cc4854b97-s2l54   3m           257Mi           
=== 2026-09-28T12:43:08Z
tercen-worker-worker-8-7cc4854b97-s2l54   3m           257Mi           
=== 2026-09-28T12:43:18Z
tercen-worker-worker-8-7cc4854b97-s2l54   5m           260Mi           
=== 2026-09-28T12:43:29Z
tercen-worker-worker-8-7cc4854b97-s2l54   5m           260Mi           
=== 2026-09-28T12:43:39Z
tercen-worker-worker-8-7cc4854b97-s2l54   5m           260Mi           
=== 2026-09-28T12:43:50Z
tercen-worker-worker-8-7cc4854b97-s2l54   3m           260Mi           
=== 2026-09-28T12:44:00Z
tercen-worker-worker-8-7cc4854b97-s2l54   3m           260Mi           
=== 2026-09-28T12:44:10Z
tercen-worker-worker-8-7cc4854b97-s2l54   3m           260Mi           
=== 2026-09-28T12:44:21Z
tercen-worker-worker-8-7cc4854b97-s2l54   3m           260Mi           
=== 2026-09-28T12:44:31Z
tercen-worker-worker-8-7cc4854b97-s2l54   3m           260Mi           
=== 2026-09-28T12:44:41Z
tercen-worker-worker-8-7cc4854b97-s2l54   3m           260Mi           
=== 2026-09-28T12:44:52Z
tercen-worker-worker-8-7cc4854b97-s2l54   3m           257Mi           
=== 2026-09-28T12:45:02Z
tercen-worker-worker-8-7cc4854b97-s2l54   3m           257Mi           
=== 2026-09-28T12:45:12Z
tercen-worker-worker-8-7cc4854b97-s2l54   3m           257Mi           
=== 2026-09-28T12:45:23Z
tercen-worker-worker-8-7cc4854b97-s2l54   3m           257Mi           
=== 2026-09-28T12:45:33Z
tercen-worker-worker-8-7cc4854b97-s2l54   3m           257Mi           
=== 2026-09-28T12:45:44Z
tercen-worker-worker-8-7cc4854b97-s2l54   3m           257Mi           
=== 2026-09-28T12:45:54Z
tercen-worker-worker-8-7cc4854b97-s2l54   3m           257Mi           
=== 2026-09-28T12:46:04Z
tercen-worker-worker-8-7cc4854b97-s2l54   3m           257Mi           
=== 2026-09-28T12:46:15Z
tercen-worker-worker-8-7cc4854b97-s2l54   3m           257Mi           
=== 2026-09-28T12:46:25Z
tercen-worker-worker-8-7cc4854b97-s2l54   3m           257Mi           
=== 2026-09-28T12:46:35Z
tercen-worker-worker-8-7cc4854b97-s2l54   3m           257Mi           
=== 2026-09-28T12:46:46Z
tercen-worker-worker-8-7cc4854b97-s2l54   3m           257Mi           
=== 2026-09-28T12:46:56Z
tercen-worker-worker-8-7cc4854b97-s2l54   3m           257Mi           
=== 2026-09-28T12:47:06Z
tercen-worker-worker-8-7cc4854b97-s2l54   3m           257Mi           
=== 2026-09-28T12:47:17Z
tercen-worker-worker-8-7cc4854b97-s2l54   3m           257Mi           
=== 2026-09-28T12:47:27Z
tercen-worker-worker-8-7cc4854b97-s2l54   3m           257Mi           
=== 2026-09-28T12:47:37Z
tercen-worker-worker-8-7cc4854b97-s2l54   3m           257Mi           
=== 2026-09-28T12:47:48Z
tercen-worker-worker-8-7cc4854b97-s2l54   3m           257Mi           
=== 2026-09-28T12:47:58Z
tercen-worker-worker-8-7cc4854b97-s2l54   3m           257Mi           
=== 2026-09-28T12:48:08Z
tercen-worker-worker-8-7cc4854b97-s2l54   3m           257Mi           
=== 2026-09-28T12:48:19Z
tercen-worker-worker-8-7cc4854b97-s2l54   3m           257Mi           
=== 2026-09-28T12:48:29Z
tercen-worker-worker-8-7cc4854b97-s2l54   3m           257Mi           
=== 2026-09-28T12:48:39Z
tercen-worker-worker-8-7cc4854b97-s2l54   3m           257Mi           
=== 2026-09-28T12:48:50Z
tercen-worker-worker-8-7cc4854b97-s2l54   3m           258Mi           
=== 2026-09-28T12:49:00Z
tercen-worker-worker-8-7cc4854b97-s2l54   3m           258Mi           
=== 2026-09-28T12:49:10Z
tercen-worker-worker-8-7cc4854b97-s2l54   3m           258Mi           
=== 2026-09-28T12:49:21Z
tercen-worker-worker-8-7cc4854b97-s2l54   3m           258Mi           
=== 2026-09-28T12:49:31Z
tercen-worker-worker-8-7cc4854b97-s2l54   3m           258Mi           
=== 2026-09-28T12:49:41Z
tercen-worker-worker-8-7cc4854b97-s2l54   3m           258Mi           
=== 2026-09-28T12:49:52Z
tercen-worker-worker-8-7cc4854b97-s2l54   3m           258Mi           
=== 2026-09-28T12:50:02Z
tercen-worker-worker-8-7cc4854b97-s2l54   3m           258Mi           
=== 2026-09-28T12:50:12Z
tercen-worker-worker-8-7cc4854b97-s2l54   3m           258Mi           
=== 2026-09-28T12:50:23Z
tercen-worker-worker-8-7cc4854b97-s2l54   3m           258Mi           
=== 2026-09-28T12:50:33Z
tercen-worker-worker-8-7cc4854b97-s2l54   3m           258Mi           
=== 2026-09-28T12:50:44Z
tercen-worker-worker-8-7cc4854b97-s2l54   3m           258Mi           
=== 2026-09-28T12:50:54Z
tercen-worker-worker-8-7cc4854b97-s2l54   3m           258Mi           
=== 2026-09-28T12:51:04Z
tercen-worker-worker-8-7cc4854b97-s2l54   3m           258Mi           
=== 2026-09-28T12:51:15Z
tercen-worker-worker-8-7cc4854b97-s2l54   3m           258Mi           
=== 2026-09-28T12:51:25Z
tercen-worker-worker-8-7cc4854b97-s2l54   3m           258Mi           
=== 2026-09-28T12:51:35Z
tercen-worker-worker-8-7cc4854b97-s2l54   3m           258Mi           
=== 2026-09-28T12:51:46Z
tercen-worker-worker-8-7cc4854b97-s2l54   3m           258Mi           
=== 2026-09-28T12:51:56Z
tercen-worker-worker-8-7cc4854b97-s2l54   3m           258Mi           
=== 2026-09-28T12:52:06Z
tercen-worker-worker-8-7cc4854b97-s2l54   3m           258Mi           
=== 2026-09-28T12:52:17Z
tercen-worker-worker-8-7cc4854b97-s2l54   416m         1187Mi          
=== 2026-09-28T12:52:27Z
tercen-worker-worker-8-7cc4854b97-s2l54   416m         1187Mi          
=== 2026-09-28T12:52:38Z
tercen-worker-worker-8-7cc4854b97-s2l54   416m         1187Mi          
=== 2026-09-28T12:52:48Z
tercen-worker-worker-8-7cc4854b97-s2l54   727m         314Mi           
=== 2026-09-28T12:52:58Z
tercen-worker-worker-8-7cc4854b97-s2l54   727m         314Mi           
=== 2026-09-28T12:53:09Z
tercen-worker-worker-8-7cc4854b97-s2l54   727m         314Mi           
=== 2026-09-28T12:53:19Z
tercen-worker-worker-8-7cc4854b97-s2l54   3m           253Mi           
=== 2026-09-28T12:53:29Z
tercen-worker-worker-8-7cc4854b97-s2l54   3m           253Mi           
=== 2026-09-28T12:53:40Z
tercen-worker-worker-8-7cc4854b97-s2l54   3m           253Mi           
=== 2026-09-28T12:53:50Z
tercen-worker-worker-8-7cc4854b97-s2l54   3m           253Mi           
=== 2026-09-28T12:54:00Z
tercen-worker-worker-8-7cc4854b97-s2l54   298m         1367Mi          
=== 2026-09-28T12:54:11Z
tercen-worker-worker-8-7cc4854b97-s2l54   298m         1367Mi          
=== 2026-09-28T12:54:21Z
tercen-worker-worker-8-7cc4854b97-s2l54   926m         359Mi           
=== 2026-09-28T12:54:31Z
tercen-worker-worker-8-7cc4854b97-s2l54   926m         359Mi           
=== 2026-09-28T12:54:42Z
tercen-worker-worker-8-7cc4854b97-s2l54   926m         359Mi           
=== 2026-09-28T12:54:52Z
tercen-worker-worker-8-7cc4854b97-s2l54   5m           300Mi           
=== 2026-09-28T12:55:02Z
tercen-worker-worker-8-7cc4854b97-s2l54   5m           300Mi           
=== 2026-09-28T12:55:13Z
tercen-worker-worker-8-7cc4854b97-s2l54   3m           300Mi           
=== 2026-09-28T12:55:23Z
tercen-worker-worker-8-7cc4854b97-s2l54   3m           300Mi           
=== 2026-09-28T12:55:33Z
tercen-worker-worker-8-7cc4854b97-s2l54   3m           300Mi           
=== 2026-09-28T12:55:44Z
tercen-worker-worker-8-7cc4854b97-s2l54   8m           248Mi           
=== 2026-09-28T12:55:54Z
tercen-worker-worker-8-7cc4854b97-s2l54   8m           248Mi           
=== 2026-09-28T12:56:04Z
tercen-worker-worker-8-7cc4854b97-s2l54   8m           248Mi           
=== 2026-09-28T12:56:15Z
tercen-worker-worker-8-7cc4854b97-s2l54   3m           250Mi           
=== 2026-09-28T12:56:25Z
tercen-worker-worker-8-7cc4854b97-s2l54   3m           250Mi           
=== 2026-09-28T12:56:36Z
tercen-worker-worker-8-7cc4854b97-s2l54   3m           250Mi           
=== 2026-09-28T12:56:46Z
tercen-worker-worker-8-7cc4854b97-s2l54   3m           250Mi           
=== 2026-09-28T12:56:56Z
tercen-worker-worker-8-7cc4854b97-s2l54   3m           250Mi           
=== 2026-09-28T12:57:07Z
tercen-worker-worker-8-7cc4854b97-s2l54   3m           250Mi           
=== 2026-09-28T12:57:17Z
tercen-worker-worker-16-7866cc694-8m5zt   136m         190Mi           
tercen-worker-worker-8-7cc4854b97-s2l54   3m           250Mi           
=== 2026-09-28T12:57:27Z
tercen-worker-worker-16-7866cc694-8m5zt   136m         190Mi           
tercen-worker-worker-8-7cc4854b97-s2l54   3m           250Mi           
=== 2026-09-28T12:57:38Z
tercen-worker-worker-16-7866cc694-8m5zt   136m         190Mi           
tercen-worker-worker-8-7cc4854b97-s2l54   3m           250Mi           
=== 2026-09-28T12:57:48Z
tercen-worker-worker-16-7866cc694-8m5zt   983m         4076Mi          
tercen-worker-worker-8-7cc4854b97-s2l54   3m           246Mi           
=== 2026-09-28T12:57:59Z
tercen-worker-worker-16-7866cc694-8m5zt   983m         4076Mi          
tercen-worker-worker-8-7cc4854b97-s2l54   3m           246Mi           
=== 2026-09-28T12:58:09Z
tercen-worker-worker-16-7866cc694-8m5zt   983m         4076Mi          
tercen-worker-worker-8-7cc4854b97-s2l54   3m           246Mi           
=== 2026-09-28T12:58:19Z
tercen-worker-worker-16-7866cc694-8m5zt   1098m        2257Mi          
tercen-worker-worker-8-7cc4854b97-s2l54   3m           246Mi           
=== 2026-09-28T12:58:30Z
tercen-worker-worker-16-7866cc694-8m5zt   1098m        2257Mi          
tercen-worker-worker-8-7cc4854b97-s2l54   3m           246Mi           
=== 2026-09-28T12:58:40Z
tercen-worker-worker-16-7866cc694-8m5zt   1098m        2257Mi          
tercen-worker-worker-8-7cc4854b97-s2l54   3m           246Mi           
=== 2026-09-28T12:58:50Z
tercen-worker-worker-16-7866cc694-8m5zt   1098m        958Mi           
tercen-worker-worker-8-7cc4854b97-s2l54   3m           246Mi           
=== 2026-09-28T12:59:01Z
tercen-worker-worker-16-7866cc694-8m5zt   1098m        958Mi           
tercen-worker-worker-8-7cc4854b97-s2l54   3m           246Mi           
=== 2026-09-28T12:59:11Z
tercen-worker-worker-16-7866cc694-8m5zt   1098m        958Mi           
tercen-worker-worker-8-7cc4854b97-s2l54   3m           246Mi           
=== 2026-09-28T12:59:21Z
tercen-worker-worker-16-7866cc694-8m5zt   444m         281Mi           
tercen-worker-worker-8-7cc4854b97-s2l54   3m           246Mi           
=== 2026-09-28T12:59:32Z
tercen-worker-worker-16-7866cc694-8m5zt   444m         281Mi           
tercen-worker-worker-8-7cc4854b97-s2l54   3m           246Mi           
=== 2026-09-28T12:59:42Z
tercen-worker-worker-16-7866cc694-8m5zt   444m         281Mi           
tercen-worker-worker-8-7cc4854b97-s2l54   3m           246Mi           
=== 2026-09-28T12:59:52Z
tercen-worker-worker-16-7866cc694-8m5zt   5m           278Mi           
tercen-worker-worker-8-7cc4854b97-s2l54   4m           246Mi           
=== 2026-09-28T13:00:03Z
tercen-worker-worker-16-7866cc694-8m5zt   5m           278Mi           
tercen-worker-worker-8-7cc4854b97-s2l54   4m           246Mi           
=== 2026-09-28T13:00:13Z
tercen-worker-worker-16-7866cc694-8m5zt   3m           278Mi           
tercen-worker-worker-8-7cc4854b97-s2l54   3m           246Mi           
=== 2026-09-28T13:00:23Z
tercen-worker-worker-16-7866cc694-8m5zt   3m           278Mi           
tercen-worker-worker-8-7cc4854b97-s2l54   3m           246Mi           
=== 2026-09-28T13:00:34Z
tercen-worker-worker-16-7866cc694-8m5zt   3m           278Mi           
tercen-worker-worker-8-7cc4854b97-s2l54   3m           246Mi           
=== 2026-09-28T13:00:44Z
tercen-worker-worker-16-7866cc694-8m5zt   3m           278Mi           
tercen-worker-worker-8-7cc4854b97-s2l54   3m           246Mi           
=== 2026-09-28T13:00:54Z
tercen-worker-worker-16-7866cc694-8m5zt   3m           278Mi           
tercen-worker-worker-8-7cc4854b97-s2l54   3m           246Mi           
=== 2026-09-28T13:01:05Z
tercen-worker-worker-16-7866cc694-8m5zt   3m           278Mi           
tercen-worker-worker-8-7cc4854b97-s2l54   3m           246Mi           
=== 2026-09-28T13:01:15Z
tercen-worker-worker-16-7866cc694-8m5zt   3m           278Mi           
tercen-worker-worker-8-7cc4854b97-s2l54   3m           246Mi           
=== 2026-09-28T13:01:26Z
tercen-worker-worker-16-7866cc694-8m5zt   3m           278Mi           
tercen-worker-worker-8-7cc4854b97-s2l54   3m           246Mi           
=== 2026-09-28T13:01:36Z
tercen-worker-worker-16-7866cc694-8m5zt   3m           278Mi           
tercen-worker-worker-8-7cc4854b97-s2l54   3m           246Mi           
=== 2026-09-28T13:01:46Z
tercen-worker-worker-16-7866cc694-8m5zt   4m           277Mi           
tercen-worker-worker-8-7cc4854b97-s2l54   3m           246Mi           
=== 2026-09-28T13:01:57Z
tercen-worker-worker-16-7866cc694-8m5zt   4m           277Mi           
tercen-worker-worker-8-7cc4854b97-s2l54   3m           246Mi           
=== 2026-09-28T13:02:07Z
tercen-worker-worker-16-7866cc694-8m5zt   4m           277Mi           
tercen-worker-worker-8-7cc4854b97-s2l54   3m           246Mi           
=== 2026-09-28T13:02:17Z
tercen-worker-worker-16-7866cc694-8m5zt   3m           277Mi           
tercen-worker-worker-8-7cc4854b97-s2l54   3m           246Mi           
=== 2026-09-28T13:02:28Z
tercen-worker-worker-16-7866cc694-8m5zt   3m           277Mi           
tercen-worker-worker-8-7cc4854b97-s2l54   3m           246Mi           
=== 2026-09-28T13:02:38Z
tercen-worker-worker-16-7866cc694-8m5zt   3m           277Mi           
tercen-worker-worker-8-7cc4854b97-s2l54   3m           246Mi           
=== 2026-09-28T13:02:48Z
tercen-worker-worker-16-7866cc694-8m5zt   3m           277Mi           
tercen-worker-worker-8-7cc4854b97-s2l54   3m           246Mi           
=== 2026-09-28T13:02:59Z
tercen-worker-worker-16-7866cc694-8m5zt   3m           277Mi           
tercen-worker-worker-8-7cc4854b97-s2l54   3m           246Mi           
=== 2026-09-28T13:03:09Z
tercen-worker-worker-16-7866cc694-8m5zt   3m           277Mi           
tercen-worker-worker-8-7cc4854b97-s2l54   3m           246Mi           
=== 2026-09-28T13:03:19Z
tercen-worker-worker-16-7866cc694-8m5zt   3m           277Mi           
tercen-worker-worker-8-7cc4854b97-s2l54   3m           246Mi           
=== 2026-09-28T13:03:30Z
tercen-worker-worker-16-7866cc694-8m5zt   3m           277Mi           
tercen-worker-worker-8-7cc4854b97-s2l54   3m           246Mi           
=== 2026-09-28T13:03:40Z
tercen-worker-worker-16-7866cc694-8m5zt   3m           277Mi           
tercen-worker-worker-8-7cc4854b97-s2l54   3m           246Mi           
=== 2026-09-28T13:03:51Z
tercen-worker-worker-16-7866cc694-8m5zt   3m           277Mi           
tercen-worker-worker-8-7cc4854b97-s2l54   3m           246Mi           
=== 2026-09-28T13:04:01Z
tercen-worker-worker-16-7866cc694-8m5zt   3m           277Mi           
tercen-worker-worker-8-7cc4854b97-s2l54   3m           246Mi           
=== 2026-09-28T13:04:11Z
tercen-worker-worker-16-7866cc694-8m5zt   3m           277Mi           
tercen-worker-worker-8-7cc4854b97-s2l54   3m           246Mi           
=== 2026-09-28T13:04:22Z
tercen-worker-worker-16-7866cc694-8m5zt   3m           277Mi           
tercen-worker-worker-8-7cc4854b97-s2l54   3m           246Mi           
=== 2026-09-28T13:04:32Z
tercen-worker-worker-16-7866cc694-8m5zt   3m           277Mi           
tercen-worker-worker-8-7cc4854b97-s2l54   3m           246Mi           
=== 2026-09-28T13:04:42Z
tercen-worker-worker-16-7866cc694-8m5zt   3m           277Mi           
tercen-worker-worker-8-7cc4854b97-s2l54   3m           246Mi           
=== 2026-09-28T13:04:53Z
tercen-worker-worker-16-7866cc694-8m5zt   3m           277Mi           
tercen-worker-worker-8-7cc4854b97-s2l54   3m           246Mi           
=== 2026-09-28T13:05:03Z
tercen-worker-worker-16-7866cc694-8m5zt   3m           277Mi           
tercen-worker-worker-8-7cc4854b97-s2l54   3m           246Mi           
=== 2026-09-28T13:05:13Z
tercen-worker-worker-16-7866cc694-8m5zt   3m           277Mi           
tercen-worker-worker-8-7cc4854b97-s2l54   3m           246Mi           
=== 2026-09-28T13:05:24Z
tercen-worker-worker-16-7866cc694-8m5zt   3m           277Mi           
tercen-worker-worker-8-7cc4854b97-s2l54   3m           246Mi           
=== 2026-09-28T13:05:34Z
tercen-worker-worker-16-7866cc694-8m5zt   3m           277Mi           
tercen-worker-worker-8-7cc4854b97-s2l54   3m           246Mi           
=== 2026-09-28T13:05:45Z
tercen-worker-worker-16-7866cc694-8m5zt   4m           276Mi           
tercen-worker-worker-8-7cc4854b97-s2l54   3m           246Mi           
=== 2026-09-28T13:05:55Z
tercen-worker-worker-16-7866cc694-8m5zt   4m           276Mi           
tercen-worker-worker-8-7cc4854b97-s2l54   3m           246Mi           
=== 2026-09-28T13:06:05Z
tercen-worker-worker-16-7866cc694-8m5zt   4m           276Mi           
tercen-worker-worker-8-7cc4854b97-s2l54   3m           246Mi           
=== 2026-09-28T13:06:16Z
tercen-worker-worker-16-7866cc694-8m5zt   3m           276Mi           
tercen-worker-worker-8-7cc4854b97-s2l54   3m           246Mi           
=== 2026-09-28T13:06:26Z
tercen-worker-worker-16-7866cc694-8m5zt   3m           276Mi           
tercen-worker-worker-8-7cc4854b97-s2l54   3m           246Mi           
=== 2026-09-28T13:06:36Z
tercen-worker-worker-16-7866cc694-8m5zt   3m           276Mi           
tercen-worker-worker-8-7cc4854b97-s2l54   3m           246Mi           
=== 2026-09-28T13:06:47Z
tercen-worker-worker-16-7866cc694-8m5zt   3m           276Mi           
tercen-worker-worker-8-7cc4854b97-s2l54   3m           246Mi           
=== 2026-09-28T13:06:57Z
tercen-worker-worker-16-7866cc694-8m5zt   3m           276Mi           
tercen-worker-worker-8-7cc4854b97-s2l54   3m           246Mi           
=== 2026-09-28T13:07:08Z
tercen-worker-worker-16-7866cc694-8m5zt   3m           276Mi           
tercen-worker-worker-8-7cc4854b97-s2l54   3m           246Mi           
=== 2026-09-28T13:07:18Z
tercen-worker-worker-16-7866cc694-8m5zt   3m           276Mi           
tercen-worker-worker-8-7cc4854b97-s2l54   3m           246Mi           
=== 2026-09-28T13:07:28Z
tercen-worker-worker-16-7866cc694-8m5zt   3m           276Mi           
tercen-worker-worker-8-7cc4854b97-s2l54   3m           246Mi           
=== 2026-09-28T13:07:39Z
tercen-worker-worker-16-7866cc694-8m5zt   3m           276Mi           
tercen-worker-worker-8-7cc4854b97-s2l54   3m           246Mi           
=== 2026-09-28T13:07:49Z
tercen-worker-worker-16-7866cc694-8m5zt   3m           276Mi           
tercen-worker-worker-8-7cc4854b97-s2l54   3m           246Mi           
=== 2026-09-28T13:07:59Z
tercen-worker-worker-16-7866cc694-8m5zt   3m           276Mi           
tercen-worker-worker-8-7cc4854b97-s2l54   3m           246Mi           
=== 2026-09-28T13:08:10Z
tercen-worker-worker-16-7866cc694-8m5zt   3m           276Mi           
tercen-worker-worker-8-7cc4854b97-s2l54   3m           246Mi           
=== 2026-09-28T13:08:20Z
tercen-worker-worker-16-7866cc694-8m5zt   3m           277Mi           
tercen-worker-worker-8-7cc4854b97-s2l54   3m           246Mi           
=== 2026-09-28T13:08:30Z
tercen-worker-worker-16-7866cc694-8m5zt   3m           277Mi           
tercen-worker-worker-8-7cc4854b97-s2l54   3m           246Mi           
=== 2026-09-28T13:08:41Z
tercen-worker-worker-16-7866cc694-8m5zt   3m           277Mi           
tercen-worker-worker-8-7cc4854b97-s2l54   3m           246Mi           
=== 2026-09-28T13:08:51Z
tercen-worker-worker-16-7866cc694-8m5zt   3m           277Mi           
tercen-worker-worker-8-7cc4854b97-s2l54   3m           246Mi           
=== 2026-09-28T13:09:02Z
tercen-worker-worker-16-7866cc694-8m5zt   3m           277Mi           
tercen-worker-worker-8-7cc4854b97-s2l54   3m           246Mi           
=== 2026-09-28T13:09:12Z
tercen-worker-worker-16-7866cc694-8m5zt   3m           277Mi           
tercen-worker-worker-8-7cc4854b97-s2l54   3m           246Mi           
=== 2026-09-28T13:09:22Z
tercen-worker-worker-16-7866cc694-8m5zt   3m           277Mi           
tercen-worker-worker-8-7cc4854b97-s2l54   3m           246Mi           
=== 2026-09-28T13:09:33Z
tercen-worker-worker-16-7866cc694-8m5zt   3m           277Mi           
tercen-worker-worker-8-7cc4854b97-s2l54   3m           246Mi           
=== 2026-09-28T13:09:43Z
tercen-worker-worker-16-7866cc694-8m5zt   3m           277Mi           
tercen-worker-worker-8-7cc4854b97-s2l54   3m           246Mi           
=== 2026-09-28T13:09:53Z
tercen-worker-worker-16-7866cc694-8m5zt   3m           277Mi           
tercen-worker-worker-8-7cc4854b97-s2l54   3m           246Mi           
=== 2026-09-28T13:10:04Z
tercen-worker-worker-16-7866cc694-8m5zt   3m           277Mi           
tercen-worker-worker-8-7cc4854b97-s2l54   3m           246Mi           
=== 2026-09-28T13:10:14Z
tercen-worker-worker-16-7866cc694-8m5zt   3m           277Mi           
tercen-worker-worker-8-7cc4854b97-s2l54   3m           246Mi           
=== 2026-09-28T13:10:24Z
tercen-worker-worker-16-7866cc694-8m5zt   3m           277Mi           
tercen-worker-worker-8-7cc4854b97-s2l54   3m           246Mi           
=== 2026-09-28T13:10:35Z
tercen-worker-worker-16-7866cc694-8m5zt   3m           277Mi           
tercen-worker-worker-8-7cc4854b97-s2l54   3m           246Mi           
=== 2026-09-28T13:10:45Z
tercen-worker-worker-16-7866cc694-8m5zt   3m           277Mi           
tercen-worker-worker-8-7cc4854b97-s2l54   3m           246Mi           
=== 2026-09-28T13:10:55Z
tercen-worker-worker-16-7866cc694-8m5zt   3m           277Mi           
tercen-worker-worker-8-7cc4854b97-s2l54   3m           246Mi           
=== 2026-09-28T13:11:06Z
tercen-worker-worker-16-7866cc694-8m5zt   3m           277Mi           
tercen-worker-worker-8-7cc4854b97-s2l54   3m           246Mi           
=== 2026-09-28T13:11:16Z
tercen-worker-worker-16-7866cc694-8m5zt   3m           277Mi           
tercen-worker-worker-8-7cc4854b97-s2l54   3m           246Mi           
=== 2026-09-28T13:11:27Z
tercen-worker-worker-16-7866cc694-8m5zt   3m           277Mi           
tercen-worker-worker-8-7cc4854b97-s2l54   3m           246Mi           
=== 2026-09-28T13:11:37Z
tercen-worker-worker-16-7866cc694-8m5zt   3m           277Mi           
tercen-worker-worker-8-7cc4854b97-s2l54   3m           246Mi           
=== 2026-09-28T13:11:47Z
tercen-worker-worker-16-7866cc694-8m5zt   3m           277Mi           
tercen-worker-worker-8-7cc4854b97-s2l54   3m           246Mi           
=== 2026-09-28T13:11:58Z
tercen-worker-worker-16-7866cc694-8m5zt   3m           277Mi           
tercen-worker-worker-8-7cc4854b97-s2l54   3m           246Mi           
=== 2026-09-28T13:12:08Z
tercen-worker-worker-16-7866cc694-8m5zt   3m           277Mi           
tercen-worker-worker-8-7cc4854b97-s2l54   3m           246Mi           
=== 2026-09-28T13:12:18Z
tercen-worker-worker-16-7866cc694-8m5zt   3m           277Mi           
=== 2026-09-28T13:12:29Z
tercen-worker-worker-16-7866cc694-8m5zt   3m           277Mi           
=== 2026-09-28T13:12:39Z
tercen-worker-worker-16-7866cc694-8m5zt   3m           277Mi           
=== 2026-09-28T13:12:49Z
tercen-worker-worker-16-7866cc694-8m5zt   3m           277Mi           
tercen-worker-worker-8-7cc4854b97-z2lmk   15m          35Mi            
=== 2026-09-28T13:13:00Z
tercen-worker-worker-16-7866cc694-8m5zt   3m           277Mi           
tercen-worker-worker-8-7cc4854b97-z2lmk   15m          35Mi            
=== 2026-09-28T13:13:10Z
tercen-worker-worker-16-7866cc694-8m5zt   3m           277Mi           
tercen-worker-worker-8-7cc4854b97-z2lmk   15m          35Mi            
=== 2026-09-28T13:13:20Z
tercen-worker-worker-16-7866cc694-8m5zt   3m           277Mi           
tercen-worker-worker-8-7cc4854b97-z2lmk   69m          139Mi           
=== 2026-09-28T13:13:31Z
tercen-worker-worker-16-7866cc694-8m5zt   3m           277Mi           
tercen-worker-worker-8-7cc4854b97-z2lmk   69m          139Mi           
=== 2026-09-28T13:13:41Z
tercen-worker-worker-16-7866cc694-8m5zt   3m           277Mi           
tercen-worker-worker-8-7cc4854b97-z2lmk   69m          139Mi           
=== 2026-09-28T13:13:51Z
tercen-worker-worker-16-7866cc694-8m5zt   3m           277Mi           
tercen-worker-worker-8-7cc4854b97-z2lmk   3m           139Mi           
=== 2026-09-28T13:14:02Z
tercen-worker-worker-16-7866cc694-8m5zt   3m           277Mi           
tercen-worker-worker-8-7cc4854b97-z2lmk   3m           139Mi           
=== 2026-09-28T13:14:12Z
tercen-worker-worker-16-7866cc694-8m5zt   3m           277Mi           
tercen-worker-worker-8-7cc4854b97-z2lmk   3m           139Mi           
=== 2026-09-28T13:14:22Z
tercen-worker-worker-16-7866cc694-8m5zt   3m           277Mi           
tercen-worker-worker-8-7cc4854b97-z2lmk   3m           139Mi           
=== 2026-09-28T13:14:33Z
tercen-worker-worker-8-7cc4854b97-z2lmk   3m           139Mi           
=== 2026-09-28T13:14:43Z
tercen-worker-worker-8-7cc4854b97-z2lmk   3m           139Mi           
=== 2026-09-28T13:14:53Z
tercen-worker-worker-16-78bfb8fd46-s9tng   218m         145Mi           
tercen-worker-worker-8-7cc4854b97-z2lmk    3m           123Mi           
=== 2026-09-28T13:15:04Z
tercen-worker-worker-16-78bfb8fd46-s9tng   218m         145Mi           
tercen-worker-worker-8-7cc4854b97-z2lmk    3m           123Mi           
=== 2026-09-28T13:15:14Z
tercen-worker-worker-16-78bfb8fd46-s9tng   3m           145Mi           
tercen-worker-worker-8-7cc4854b97-z2lmk    8m           125Mi           
=== 2026-09-28T13:15:25Z
tercen-worker-worker-16-78bfb8fd46-s9tng   3m           145Mi           
tercen-worker-worker-8-7cc4854b97-z2lmk    8m           125Mi           
=== 2026-09-28T13:15:35Z
tercen-worker-worker-16-78bfb8fd46-s9tng   3m           145Mi           
tercen-worker-worker-8-7cc4854b97-z2lmk    8m           125Mi           
=== 2026-09-28T13:15:45Z
tercen-worker-worker-16-78bfb8fd46-s9tng   300m         1528Mi          
tercen-worker-worker-8-7cc4854b97-z2lmk    3m           125Mi           
=== 2026-09-28T13:15:56Z
tercen-worker-worker-16-78bfb8fd46-s9tng   300m         1528Mi          
tercen-worker-worker-8-7cc4854b97-z2lmk    3m           125Mi           
=== 2026-09-28T13:16:06Z
tercen-worker-worker-16-78bfb8fd46-s9tng   300m         1528Mi          
tercen-worker-worker-8-7cc4854b97-z2lmk    3m           125Mi           
=== 2026-09-28T13:16:16Z
tercen-worker-worker-16-78bfb8fd46-s9tng   1045m        3663Mi          
tercen-worker-worker-8-7cc4854b97-z2lmk    3m           122Mi           
=== 2026-09-28T13:16:27Z
tercen-worker-worker-16-78bfb8fd46-s9tng   1045m        3663Mi          
tercen-worker-worker-8-7cc4854b97-z2lmk    3m           122Mi           
=== 2026-09-28T13:16:37Z
tercen-worker-worker-16-78bfb8fd46-s9tng   1045m        3663Mi          
tercen-worker-worker-8-7cc4854b97-z2lmk    3m           122Mi           
=== 2026-09-28T13:16:48Z
tercen-worker-worker-16-78bfb8fd46-s9tng   1022m        2370Mi          
tercen-worker-worker-8-7cc4854b97-z2lmk    3m           122Mi           
=== 2026-09-28T13:16:58Z
tercen-worker-worker-16-78bfb8fd46-s9tng   1022m        2370Mi          
tercen-worker-worker-8-7cc4854b97-z2lmk    3m           122Mi           
=== 2026-09-28T13:17:08Z
tercen-worker-worker-16-78bfb8fd46-s9tng   1022m        2370Mi          
tercen-worker-worker-8-7cc4854b97-z2lmk    3m           122Mi           
=== 2026-09-28T13:17:19Z
tercen-worker-worker-16-78bfb8fd46-s9tng   1072m        901Mi           
tercen-worker-worker-8-7cc4854b97-z2lmk    3m           113Mi           
=== 2026-09-28T13:17:29Z
tercen-worker-worker-16-78bfb8fd46-s9tng   1072m        901Mi           
tercen-worker-worker-8-7cc4854b97-z2lmk    3m           113Mi           
=== 2026-09-28T13:17:39Z
tercen-worker-worker-16-78bfb8fd46-s9tng   1072m        901Mi           
tercen-worker-worker-8-7cc4854b97-z2lmk    3m           113Mi           
=== 2026-09-28T13:17:50Z
tercen-worker-worker-16-78bfb8fd46-s9tng   567m         188Mi           
tercen-worker-worker-8-7cc4854b97-z2lmk    3m           113Mi           
=== 2026-09-28T13:18:00Z
tercen-worker-worker-16-78bfb8fd46-s9tng   567m         188Mi           
tercen-worker-worker-8-7cc4854b97-z2lmk    3m           113Mi           
=== 2026-09-28T13:18:10Z
tercen-worker-worker-16-78bfb8fd46-s9tng   567m         188Mi           
tercen-worker-worker-8-7cc4854b97-z2lmk    3m           113Mi           
=== 2026-09-28T13:18:21Z
tercen-worker-worker-16-78bfb8fd46-s9tng   4m           187Mi           
tercen-worker-worker-8-7cc4854b97-z2lmk    4m           113Mi           
=== 2026-09-28T13:18:31Z
tercen-worker-worker-16-78bfb8fd46-s9tng   4m           187Mi           
tercen-worker-worker-8-7cc4854b97-z2lmk    4m           113Mi           
=== 2026-09-28T13:18:41Z
tercen-worker-worker-16-78bfb8fd46-s9tng   4m           187Mi           
tercen-worker-worker-8-7cc4854b97-z2lmk    4m           113Mi           
=== 2026-09-28T13:18:52Z
tercen-worker-worker-16-78bfb8fd46-s9tng   3m           187Mi           
tercen-worker-worker-8-7cc4854b97-z2lmk    3m           113Mi           
=== 2026-09-28T13:19:02Z
tercen-worker-worker-16-78bfb8fd46-s9tng   3m           187Mi           
tercen-worker-worker-8-7cc4854b97-z2lmk    3m           113Mi           
