tercen-worker-worker-8-7cc4854b97-s2l54          3m           250Mi           
tercen-worker-worker-8-7cc4854b97-s2l54          3m           250Mi           
tercen-worker-worker-8-7cc4854b97-s2l54          3m           250Mi           
tercen-worker-worker-16-7866cc694-8m5zt          136m         190Mi           
tercen-worker-worker-8-7cc4854b97-s2l54          3m           250Mi           
tercen-worker-worker-16-7866cc694-8m5zt          136m         190Mi           
tercen-worker-worker-8-7cc4854b97-s2l54          3m           250Mi           
tercen-worker-worker-16-7866cc694-8m5zt          983m         4076Mi          
tercen-worker-worker-8-7cc4854b97-s2l54          3m           246Mi           
tercen-worker-worker-16-7866cc694-8m5zt          983m         4076Mi          
tercen-worker-worker-8-7cc4854b97-s2l54          3m           246Mi           
tercen-worker-worker-16-7866cc694-8m5zt          1098m        2257Mi          
tercen-worker-worker-8-7cc4854b97-s2l54          3m           246Mi           
tercen-worker-worker-16-7866cc694-8m5zt          1098m        2257Mi          
tercen-worker-worker-8-7cc4854b97-s2l54          3m           246Mi           
tercen-worker-worker-16-7866cc694-8m5zt          1098m        958Mi           
tercen-worker-worker-8-7cc4854b97-s2l54          3m           246Mi           
tercen-worker-worker-16-7866cc694-8m5zt          1098m        958Mi           
tercen-worker-worker-8-7cc4854b97-s2l54          3m           246Mi           
tercen-worker-worker-16-7866cc694-8m5zt          444m         281Mi           
tercen-worker-worker-8-7cc4854b97-s2l54          3m           246Mi           
tercen-worker-worker-16-7866cc694-8m5zt          444m         281Mi           
tercen-worker-worker-8-7cc4854b97-s2l54          3m           246Mi           
tercen-worker-worker-16-7866cc694-8m5zt          5m           278Mi           
tercen-worker-worker-8-7cc4854b97-s2l54          4m           246Mi           
tercen-worker-worker-16-7866cc694-8m5zt          5m           278Mi           
tercen-worker-worker-8-7cc4854b97-s2l54          4m           246Mi           
tercen-worker-worker-16-7866cc694-8m5zt          3m           278Mi           
tercen-worker-worker-8-7cc4854b97-s2l54          3m           246Mi           
tercen-worker-worker-16-7866cc694-8m5zt          3m           278Mi           
tercen-worker-worker-8-7cc4854b97-s2l54          3m           246Mi           
