tercen-worker-worker-8-7cc4854b97-s2l54   3m           191Mi           
tercen-worker-worker-8-7cc4854b97-s2l54   3m           190Mi           
tercen-worker-worker-8-7cc4854b97-s2l54   3m           190Mi           
tercen-worker-worker-8-7cc4854b97-s2l54   3m           190Mi           
tercen-worker-worker-8-7cc4854b97-s2l54   25m          243Mi           
tercen-worker-worker-8-7cc4854b97-s2l54   25m          243Mi           
tercen-worker-worker-8-7cc4854b97-s2l54   25m          243Mi           
tercen-worker-worker-8-7cc4854b97-s2l54   3m           243Mi           
tercen-worker-worker-8-7cc4854b97-s2l54   3m           243Mi           
tercen-worker-worker-8-7cc4854b97-s2l54   3m           243Mi           
tercen-worker-worker-8-7cc4854b97-s2l54   3m           243Mi           
tercen-worker-worker-8-7cc4854b97-s2l54   3m           243Mi           
tercen-worker-worker-8-7cc4854b97-s2l54   3m           243Mi           
tercen-worker-worker-8-7cc4854b97-s2l54   3m           243Mi           
tercen-worker-worker-8-7cc4854b97-s2l54   3m           243Mi           
tercen-worker-worker-8-7cc4854b97-s2l54   3m           239Mi           
tercen-worker-worker-8-7cc4854b97-s2l54   3m           239Mi           
tercen-worker-worker-8-7cc4854b97-s2l54   3m           239Mi           
tercen-worker-worker-8-7cc4854b97-s2l54   3m           239Mi           
tercen-worker-worker-8-7cc4854b97-s2l54   3m           239Mi           
tercen-worker-worker-8-7cc4854b97-s2l54   3m           239Mi           
tercen-worker-worker-8-7cc4854b97-s2l54   3m           239Mi           
tercen-worker-worker-8-7cc4854b97-s2l54   3m           239Mi           
tercen-worker-worker-8-7cc4854b97-s2l54   3m           239Mi           
tercen-worker-worker-8-7cc4854b97-s2l54   3m           239Mi           
tercen-worker-worker-8-7cc4854b97-s2l54   3m           239Mi           
tercen-worker-worker-8-7cc4854b97-s2l54   3m           239Mi           
tercen-worker-worker-8-7cc4854b97-s2l54   3m           237Mi           
tercen-worker-worker-8-7cc4854b97-s2l54   3m           237Mi           
tercen-worker-worker-8-7cc4854b97-s2l54   3m           237Mi           
tercen-worker-worker-8-7cc4854b97-s2l54   3m           237Mi           
tercen-worker-worker-8-7cc4854b97-s2l54   3m           237Mi           
tercen-worker-worker-8-7cc4854b97-s2l54   3m           237Mi           
tercen-worker-worker-8-7cc4854b97-s2l54   3m           237Mi           
tercen-worker-worker-8-7cc4854b97-s2l54   3m           237Mi           
tercen-worker-worker-8-7cc4854b97-s2l54   3m           237Mi           
tercen-worker-worker-8-7cc4854b97-s2l54   3m           237Mi           
tercen-worker-worker-8-7cc4854b97-s2l54   3m           237Mi           
tercen-worker-worker-8-7cc4854b97-s2l54   3m           237Mi           
tercen-worker-worker-8-7cc4854b97-s2l54   3m           237Mi           
tercen-worker-worker-8-7cc4854b97-s2l54   3m           237Mi           
tercen-worker-worker-8-7cc4854b97-s2l54   3m           237Mi           
tercen-worker-worker-8-7cc4854b97-s2l54   3m           237Mi           
tercen-worker-worker-8-7cc4854b97-s2l54   3m           237Mi           
tercen-worker-worker-8-7cc4854b97-s2l54   3m           237Mi           
tercen-worker-worker-8-7cc4854b97-s2l54   3m           237Mi           
tercen-worker-worker-8-7cc4854b97-s2l54   3m           237Mi           
tercen-worker-worker-8-7cc4854b97-s2l54   3m           237Mi           
tercen-worker-worker-8-7cc4854b97-s2l54   3m           237Mi           
tercen-worker-worker-8-7cc4854b97-s2l54   3m           237Mi           
tercen-worker-worker-8-7cc4854b97-s2l54   3m           237Mi           
tercen-worker-worker-8-7cc4854b97-s2l54   3m           237Mi           
tercen-worker-worker-8-7cc4854b97-s2l54   3m           237Mi           
tercen-worker-worker-8-7cc4854b97-s2l54   3m           237Mi           
tercen-worker-worker-8-7cc4854b97-s2l54   3m           237Mi           
tercen-worker-worker-8-7cc4854b97-s2l54   3m           237Mi           
tercen-worker-worker-8-7cc4854b97-s2l54   3m           237Mi           
tercen-worker-worker-8-7cc4854b97-s2l54   3m           237Mi           
tercen-worker-worker-8-7cc4854b97-s2l54   3m           237Mi           
tercen-worker-worker-8-7cc4854b97-s2l54   3m           237Mi           
tercen-worker-worker-8-7cc4854b97-s2l54   3m           237Mi           
tercen-worker-worker-8-7cc4854b97-s2l54   3m           237Mi           
tercen-worker-worker-8-7cc4854b97-s2l54   3m           237Mi           
tercen-worker-worker-8-7cc4854b97-s2l54   3m           237Mi           
tercen-worker-worker-8-7cc4854b97-s2l54   3m           237Mi           
tercen-worker-worker-8-7cc4854b97-s2l54   3m           237Mi           
tercen-worker-worker-8-7cc4854b97-s2l54   3m           237Mi           
tercen-worker-worker-8-7cc4854b97-s2l54   3m           237Mi           
tercen-worker-worker-8-7cc4854b97-s2l54   3m           237Mi           
tercen-worker-worker-8-7cc4854b97-s2l54   3m           237Mi           
tercen-worker-worker-8-7cc4854b97-s2l54   3m           237Mi           
tercen-worker-worker-8-7cc4854b97-s2l54   3m           237Mi           
tercen-worker-worker-8-7cc4854b97-s2l54   3m           237Mi           
tercen-worker-worker-8-7cc4854b97-s2l54   3m           237Mi           
tercen-worker-worker-8-7cc4854b97-s2l54   3m           237Mi           
tercen-worker-worker-8-7cc4854b97-s2l54   3m           237Mi           
tercen-worker-worker-8-7cc4854b97-s2l54   3m           237Mi           
tercen-worker-worker-8-7cc4854b97-s2l54   3m           237Mi           
tercen-worker-worker-8-7cc4854b97-s2l54   3m           237Mi           
tercen-worker-worker-8-7cc4854b97-s2l54   3m           237Mi           
tercen-worker-worker-8-7cc4854b97-s2l54   3m           237Mi           
tercen-worker-worker-8-7cc4854b97-s2l54   3m           237Mi           
tercen-worker-worker-8-7cc4854b97-s2l54   3m           237Mi           
tercen-worker-worker-8-7cc4854b97-s2l54   3m           237Mi           
tercen-worker-worker-8-7cc4854b97-s2l54   3m           237Mi           
tercen-worker-worker-8-7cc4854b97-s2l54   3m           237Mi           
tercen-worker-worker-8-7cc4854b97-s2l54   3m           237Mi           
tercen-worker-worker-8-7cc4854b97-s2l54   3m           237Mi           
tercen-worker-worker-8-7cc4854b97-s2l54   3m           237Mi           
tercen-worker-worker-8-7cc4854b97-s2l54   3m           237Mi           
tercen-worker-worker-8-7cc4854b97-s2l54   3m           237Mi           
tercen-worker-worker-8-7cc4854b97-s2l54   3m           237Mi           
tercen-worker-worker-8-7cc4854b97-s2l54   3m           237Mi           
tercen-worker-worker-8-7cc4854b97-s2l54   499m         1215Mi          
tercen-worker-worker-8-7cc4854b97-s2l54   499m         1215Mi          
tercen-worker-worker-8-7cc4854b97-s2l54   499m         1215Mi          
tercen-worker-worker-8-7cc4854b97-s2l54   878m         301Mi           
tercen-worker-worker-8-7cc4854b97-s2l54   878m         301Mi           
tercen-worker-worker-8-7cc4854b97-s2l54   878m         301Mi           
tercen-worker-worker-8-7cc4854b97-s2l54   6m           259Mi           
tercen-worker-worker-8-7cc4854b97-s2l54   6m           259Mi           
tercen-worker-worker-8-7cc4854b97-s2l54   6m           259Mi           
tercen-worker-worker-8-7cc4854b97-s2l54   7m           260Mi           
tercen-worker-worker-8-7cc4854b97-s2l54   7m           260Mi           
tercen-worker-worker-8-7cc4854b97-s2l54   7m           260Mi           
tercen-worker-worker-8-7cc4854b97-s2l54   3m           257Mi           
tercen-worker-worker-8-7cc4854b97-s2l54   3m           257Mi           
tercen-worker-worker-8-7cc4854b97-s2l54   3m           257Mi           
tercen-worker-worker-8-7cc4854b97-s2l54   5m           260Mi           
tercen-worker-worker-8-7cc4854b97-s2l54   5m           260Mi           
tercen-worker-worker-8-7cc4854b97-s2l54   5m           260Mi           
tercen-worker-worker-8-7cc4854b97-s2l54   3m           260Mi           
tercen-worker-worker-8-7cc4854b97-s2l54   3m           260Mi           
tercen-worker-worker-8-7cc4854b97-s2l54   3m           260Mi           
tercen-worker-worker-8-7cc4854b97-s2l54   3m           260Mi           
tercen-worker-worker-8-7cc4854b97-s2l54   3m           260Mi           
tercen-worker-worker-8-7cc4854b97-s2l54   3m           260Mi           
tercen-worker-worker-8-7cc4854b97-s2l54   3m           257Mi           
tercen-worker-worker-8-7cc4854b97-s2l54   3m           257Mi           
tercen-worker-worker-8-7cc4854b97-s2l54   3m           257Mi           
tercen-worker-worker-8-7cc4854b97-s2l54   3m           257Mi           
tercen-worker-worker-8-7cc4854b97-s2l54   3m           257Mi           
tercen-worker-worker-8-7cc4854b97-s2l54   3m           257Mi           
tercen-worker-worker-8-7cc4854b97-s2l54   3m           257Mi           
tercen-worker-worker-8-7cc4854b97-s2l54   3m           257Mi           
tercen-worker-worker-8-7cc4854b97-s2l54   3m           257Mi           
tercen-worker-worker-8-7cc4854b97-s2l54   3m           257Mi           
tercen-worker-worker-8-7cc4854b97-s2l54   3m           257Mi           
tercen-worker-worker-8-7cc4854b97-s2l54   3m           257Mi           
tercen-worker-worker-8-7cc4854b97-s2l54   3m           257Mi           
tercen-worker-worker-8-7cc4854b97-s2l54   3m           257Mi           
tercen-worker-worker-8-7cc4854b97-s2l54   3m           257Mi           
tercen-worker-worker-8-7cc4854b97-s2l54   3m           257Mi           
tercen-worker-worker-8-7cc4854b97-s2l54   3m           257Mi           
tercen-worker-worker-8-7cc4854b97-s2l54   3m           257Mi           
tercen-worker-worker-8-7cc4854b97-s2l54   3m           257Mi           
tercen-worker-worker-8-7cc4854b97-s2l54   3m           257Mi           
tercen-worker-worker-8-7cc4854b97-s2l54   3m           257Mi           
tercen-worker-worker-8-7cc4854b97-s2l54   3m           257Mi           
tercen-worker-worker-8-7cc4854b97-s2l54   3m           257Mi           
tercen-worker-worker-8-7cc4854b97-s2l54   3m           258Mi           
tercen-worker-worker-8-7cc4854b97-s2l54   3m           258Mi           
tercen-worker-worker-8-7cc4854b97-s2l54   3m           258Mi           
tercen-worker-worker-8-7cc4854b97-s2l54   3m           258Mi           
tercen-worker-worker-8-7cc4854b97-s2l54   3m           258Mi           
tercen-worker-worker-8-7cc4854b97-s2l54   3m           258Mi           
tercen-worker-worker-8-7cc4854b97-s2l54   3m           258Mi           
tercen-worker-worker-8-7cc4854b97-s2l54   3m           258Mi           
tercen-worker-worker-8-7cc4854b97-s2l54   3m           258Mi           
tercen-worker-worker-8-7cc4854b97-s2l54   3m           258Mi           
tercen-worker-worker-8-7cc4854b97-s2l54   3m           258Mi           
tercen-worker-worker-8-7cc4854b97-s2l54   3m           258Mi           
tercen-worker-worker-8-7cc4854b97-s2l54   3m           258Mi           
tercen-worker-worker-8-7cc4854b97-s2l54   3m           258Mi           
tercen-worker-worker-8-7cc4854b97-s2l54   3m           258Mi           
tercen-worker-worker-8-7cc4854b97-s2l54   3m           258Mi           
tercen-worker-worker-8-7cc4854b97-s2l54   3m           258Mi           
tercen-worker-worker-8-7cc4854b97-s2l54   3m           258Mi           
tercen-worker-worker-8-7cc4854b97-s2l54   3m           258Mi           
tercen-worker-worker-8-7cc4854b97-s2l54   3m           258Mi           
tercen-worker-worker-8-7cc4854b97-s2l54   416m         1187Mi          
tercen-worker-worker-8-7cc4854b97-s2l54   416m         1187Mi          
tercen-worker-worker-8-7cc4854b97-s2l54   416m         1187Mi          
tercen-worker-worker-8-7cc4854b97-s2l54   727m         314Mi           
tercen-worker-worker-8-7cc4854b97-s2l54   727m         314Mi           
tercen-worker-worker-8-7cc4854b97-s2l54   727m         314Mi           
tercen-worker-worker-8-7cc4854b97-s2l54   3m           253Mi           
tercen-worker-worker-8-7cc4854b97-s2l54   3m           253Mi           
tercen-worker-worker-8-7cc4854b97-s2l54   3m           253Mi           
tercen-worker-worker-8-7cc4854b97-s2l54   3m           253Mi           
tercen-worker-worker-8-7cc4854b97-s2l54   298m         1367Mi          
tercen-worker-worker-8-7cc4854b97-s2l54   298m         1367Mi          
tercen-worker-worker-8-7cc4854b97-s2l54   926m         359Mi           
tercen-worker-worker-8-7cc4854b97-s2l54   926m         359Mi           
tercen-worker-worker-8-7cc4854b97-s2l54   926m         359Mi           
tercen-worker-worker-8-7cc4854b97-s2l54   5m           300Mi           
tercen-worker-worker-8-7cc4854b97-s2l54   5m           300Mi           
tercen-worker-worker-8-7cc4854b97-s2l54   3m           300Mi           
tercen-worker-worker-8-7cc4854b97-s2l54   3m           300Mi           
tercen-worker-worker-8-7cc4854b97-s2l54   3m           300Mi           
tercen-worker-worker-8-7cc4854b97-s2l54   8m           248Mi           
tercen-worker-worker-8-7cc4854b97-s2l54   8m           248Mi           
tercen-worker-worker-8-7cc4854b97-s2l54   8m           248Mi           
tercen-worker-worker-8-7cc4854b97-s2l54   3m           250Mi           
tercen-worker-worker-8-7cc4854b97-s2l54   3m           250Mi           
tercen-worker-worker-8-7cc4854b97-s2l54   3m           250Mi           
tercen-worker-worker-8-7cc4854b97-s2l54   3m           250Mi           
tercen-worker-worker-8-7cc4854b97-s2l54   3m           250Mi           
tercen-worker-worker-8-7cc4854b97-s2l54   3m           250Mi           
tercen-worker-worker-16-7866cc694-8m5zt   136m         190Mi           
tercen-worker-worker-8-7cc4854b97-s2l54   3m           250Mi           
tercen-worker-worker-16-7866cc694-8m5zt   136m         190Mi           
tercen-worker-worker-8-7cc4854b97-s2l54   3m           250Mi           
tercen-worker-worker-16-7866cc694-8m5zt   136m         190Mi           
tercen-worker-worker-8-7cc4854b97-s2l54   3m           250Mi           
tercen-worker-worker-16-7866cc694-8m5zt   983m         4076Mi          
tercen-worker-worker-8-7cc4854b97-s2l54   3m           246Mi           
tercen-worker-worker-16-7866cc694-8m5zt   983m         4076Mi          
tercen-worker-worker-8-7cc4854b97-s2l54   3m           246Mi           
tercen-worker-worker-16-7866cc694-8m5zt   983m         4076Mi          
tercen-worker-worker-8-7cc4854b97-s2l54   3m           246Mi           
tercen-worker-worker-16-7866cc694-8m5zt   1098m        2257Mi          
tercen-worker-worker-8-7cc4854b97-s2l54   3m           246Mi           
tercen-worker-worker-16-7866cc694-8m5zt   1098m        2257Mi          
tercen-worker-worker-8-7cc4854b97-s2l54   3m           246Mi           
tercen-worker-worker-16-7866cc694-8m5zt   1098m        2257Mi          
tercen-worker-worker-8-7cc4854b97-s2l54   3m           246Mi           
tercen-worker-worker-16-7866cc694-8m5zt   1098m        958Mi           
tercen-worker-worker-8-7cc4854b97-s2l54   3m           246Mi           
tercen-worker-worker-16-7866cc694-8m5zt   1098m        958Mi           
tercen-worker-worker-8-7cc4854b97-s2l54   3m           246Mi           
tercen-worker-worker-16-7866cc694-8m5zt   1098m        958Mi           
tercen-worker-worker-8-7cc4854b97-s2l54   3m           246Mi           
tercen-worker-worker-16-7866cc694-8m5zt   444m         281Mi           
tercen-worker-worker-8-7cc4854b97-s2l54   3m           246Mi           
tercen-worker-worker-16-7866cc694-8m5zt   444m         281Mi           
tercen-worker-worker-8-7cc4854b97-s2l54   3m           246Mi           
tercen-worker-worker-16-7866cc694-8m5zt   5m           278Mi           
tercen-worker-worker-8-7cc4854b97-s2l54   4m           246Mi           
tercen-worker-worker-16-7866cc694-8m5zt   5m           278Mi           
tercen-worker-worker-8-7cc4854b97-s2l54   4m           246Mi           
tercen-worker-worker-16-7866cc694-8m5zt   5m           278Mi           
tercen-worker-worker-8-7cc4854b97-s2l54   4m           246Mi           
tercen-worker-worker-16-7866cc694-8m5zt   3m           278Mi           
tercen-worker-worker-8-7cc4854b97-s2l54   3m           246Mi           
tercen-worker-worker-16-7866cc694-8m5zt   3m           278Mi           
tercen-worker-worker-8-7cc4854b97-s2l54   3m           246Mi           
tercen-worker-worker-16-7866cc694-8m5zt   3m           278Mi           
tercen-worker-worker-8-7cc4854b97-s2l54   3m           246Mi           
tercen-worker-worker-16-7866cc694-8m5zt   3m           278Mi           
tercen-worker-worker-8-7cc4854b97-s2l54   3m           246Mi           
tercen-worker-worker-16-7866cc694-8m5zt   3m           278Mi           
tercen-worker-worker-8-7cc4854b97-s2l54   3m           246Mi           
tercen-worker-worker-16-7866cc694-8m5zt   3m           278Mi           
tercen-worker-worker-8-7cc4854b97-s2l54   3m           246Mi           
tercen-worker-worker-16-7866cc694-8m5zt   3m           278Mi           
tercen-worker-worker-8-7cc4854b97-s2l54   3m           246Mi           
tercen-worker-worker-16-7866cc694-8m5zt   3m           278Mi           
tercen-worker-worker-8-7cc4854b97-s2l54   3m           246Mi           
tercen-worker-worker-16-7866cc694-8m5zt   3m           278Mi           
tercen-worker-worker-8-7cc4854b97-s2l54   3m           246Mi           
tercen-worker-worker-16-7866cc694-8m5zt   4m           277Mi           
tercen-worker-worker-8-7cc4854b97-s2l54   3m           246Mi           
tercen-worker-worker-16-7866cc694-8m5zt   4m           277Mi           
tercen-worker-worker-8-7cc4854b97-s2l54   3m           246Mi           
tercen-worker-worker-16-7866cc694-8m5zt   4m           277Mi           
tercen-worker-worker-8-7cc4854b97-s2l54   3m           246Mi           
tercen-worker-worker-16-7866cc694-8m5zt   3m           277Mi           
tercen-worker-worker-8-7cc4854b97-s2l54   3m           246Mi           
tercen-worker-worker-16-7866cc694-8m5zt   3m           277Mi           
tercen-worker-worker-8-7cc4854b97-s2l54   3m           246Mi           
tercen-worker-worker-16-7866cc694-8m5zt   3m           277Mi           
tercen-worker-worker-8-7cc4854b97-s2l54   3m           246Mi           
tercen-worker-worker-16-7866cc694-8m5zt   3m           277Mi           
tercen-worker-worker-8-7cc4854b97-s2l54   3m           246Mi           
tercen-worker-worker-16-7866cc694-8m5zt   3m           277Mi           
tercen-worker-worker-8-7cc4854b97-s2l54   3m           246Mi           
tercen-worker-worker-16-7866cc694-8m5zt   3m           277Mi           
tercen-worker-worker-8-7cc4854b97-s2l54   3m           246Mi           
tercen-worker-worker-16-7866cc694-8m5zt   3m           277Mi           
tercen-worker-worker-8-7cc4854b97-s2l54   3m           246Mi           
tercen-worker-worker-16-7866cc694-8m5zt   3m           277Mi           
tercen-worker-worker-8-7cc4854b97-s2l54   3m           246Mi           
tercen-worker-worker-16-7866cc694-8m5zt   3m           277Mi           
tercen-worker-worker-8-7cc4854b97-s2l54   3m           246Mi           
tercen-worker-worker-16-7866cc694-8m5zt   3m           277Mi           
tercen-worker-worker-8-7cc4854b97-s2l54   3m           246Mi           
tercen-worker-worker-16-7866cc694-8m5zt   3m           277Mi           
tercen-worker-worker-8-7cc4854b97-s2l54   3m           246Mi           
tercen-worker-worker-16-7866cc694-8m5zt   3m           277Mi           
tercen-worker-worker-8-7cc4854b97-s2l54   3m           246Mi           
tercen-worker-worker-16-7866cc694-8m5zt   3m           277Mi           
tercen-worker-worker-8-7cc4854b97-s2l54   3m           246Mi           
tercen-worker-worker-16-7866cc694-8m5zt   3m           277Mi           
tercen-worker-worker-8-7cc4854b97-s2l54   3m           246Mi           
tercen-worker-worker-16-7866cc694-8m5zt   3m           277Mi           
tercen-worker-worker-8-7cc4854b97-s2l54   3m           246Mi           
tercen-worker-worker-16-7866cc694-8m5zt   3m           277Mi           
tercen-worker-worker-8-7cc4854b97-s2l54   3m           246Mi           
tercen-worker-worker-16-7866cc694-8m5zt   3m           277Mi           
tercen-worker-worker-8-7cc4854b97-s2l54   3m           246Mi           
tercen-worker-worker-16-7866cc694-8m5zt   3m           277Mi           
tercen-worker-worker-8-7cc4854b97-s2l54   3m           246Mi           
tercen-worker-worker-16-7866cc694-8m5zt   3m           277Mi           
tercen-worker-worker-8-7cc4854b97-s2l54   3m           246Mi           
tercen-worker-worker-16-7866cc694-8m5zt   3m           277Mi           
tercen-worker-worker-8-7cc4854b97-s2l54   3m           246Mi           
tercen-worker-worker-16-7866cc694-8m5zt   4m           276Mi           
tercen-worker-worker-8-7cc4854b97-s2l54   3m           246Mi           
tercen-worker-worker-16-7866cc694-8m5zt   4m           276Mi           
tercen-worker-worker-8-7cc4854b97-s2l54   3m           246Mi           
tercen-worker-worker-16-7866cc694-8m5zt   4m           276Mi           
tercen-worker-worker-8-7cc4854b97-s2l54   3m           246Mi           
tercen-worker-worker-16-7866cc694-8m5zt   3m           276Mi           
tercen-worker-worker-8-7cc4854b97-s2l54   3m           246Mi           
tercen-worker-worker-16-7866cc694-8m5zt   3m           276Mi           
tercen-worker-worker-8-7cc4854b97-s2l54   3m           246Mi           
tercen-worker-worker-16-7866cc694-8m5zt   3m           276Mi           
tercen-worker-worker-8-7cc4854b97-s2l54   3m           246Mi           
tercen-worker-worker-16-7866cc694-8m5zt   3m           276Mi           
tercen-worker-worker-8-7cc4854b97-s2l54   3m           246Mi           
tercen-worker-worker-16-7866cc694-8m5zt   3m           276Mi           
tercen-worker-worker-8-7cc4854b97-s2l54   3m           246Mi           
tercen-worker-worker-16-7866cc694-8m5zt   3m           276Mi           
tercen-worker-worker-8-7cc4854b97-s2l54   3m           246Mi           
tercen-worker-worker-16-7866cc694-8m5zt   3m           276Mi           
tercen-worker-worker-8-7cc4854b97-s2l54   3m           246Mi           
tercen-worker-worker-16-7866cc694-8m5zt   3m           276Mi           
tercen-worker-worker-8-7cc4854b97-s2l54   3m           246Mi           
tercen-worker-worker-16-7866cc694-8m5zt   3m           276Mi           
tercen-worker-worker-8-7cc4854b97-s2l54   3m           246Mi           
tercen-worker-worker-16-7866cc694-8m5zt   3m           276Mi           
tercen-worker-worker-8-7cc4854b97-s2l54   3m           246Mi           
tercen-worker-worker-16-7866cc694-8m5zt   3m           276Mi           
tercen-worker-worker-8-7cc4854b97-s2l54   3m           246Mi           
tercen-worker-worker-16-7866cc694-8m5zt   3m           276Mi           
tercen-worker-worker-8-7cc4854b97-s2l54   3m           246Mi           
tercen-worker-worker-16-7866cc694-8m5zt   3m           277Mi           
tercen-worker-worker-8-7cc4854b97-s2l54   3m           246Mi           
tercen-worker-worker-16-7866cc694-8m5zt   3m           277Mi           
tercen-worker-worker-8-7cc4854b97-s2l54   3m           246Mi           
tercen-worker-worker-16-7866cc694-8m5zt   3m           277Mi           
tercen-worker-worker-8-7cc4854b97-s2l54   3m           246Mi           
tercen-worker-worker-16-7866cc694-8m5zt   3m           277Mi           
tercen-worker-worker-8-7cc4854b97-s2l54   3m           246Mi           
tercen-worker-worker-16-7866cc694-8m5zt   3m           277Mi           
tercen-worker-worker-8-7cc4854b97-s2l54   3m           246Mi           
tercen-worker-worker-16-7866cc694-8m5zt   3m           277Mi           
tercen-worker-worker-8-7cc4854b97-s2l54   3m           246Mi           
tercen-worker-worker-16-7866cc694-8m5zt   3m           277Mi           
tercen-worker-worker-8-7cc4854b97-s2l54   3m           246Mi           
tercen-worker-worker-16-7866cc694-8m5zt   3m           277Mi           
tercen-worker-worker-8-7cc4854b97-s2l54   3m           246Mi           
tercen-worker-worker-16-7866cc694-8m5zt   3m           277Mi           
tercen-worker-worker-8-7cc4854b97-s2l54   3m           246Mi           
tercen-worker-worker-16-7866cc694-8m5zt   3m           277Mi           
tercen-worker-worker-8-7cc4854b97-s2l54   3m           246Mi           
tercen-worker-worker-16-7866cc694-8m5zt   3m           277Mi           
tercen-worker-worker-8-7cc4854b97-s2l54   3m           246Mi           
tercen-worker-worker-16-7866cc694-8m5zt   3m           277Mi           
tercen-worker-worker-8-7cc4854b97-s2l54   3m           246Mi           
tercen-worker-worker-16-7866cc694-8m5zt   3m           277Mi           
tercen-worker-worker-8-7cc4854b97-s2l54   3m           246Mi           
tercen-worker-worker-16-7866cc694-8m5zt   3m           277Mi           
tercen-worker-worker-8-7cc4854b97-s2l54   3m           246Mi           
tercen-worker-worker-16-7866cc694-8m5zt   3m           277Mi           
tercen-worker-worker-8-7cc4854b97-s2l54   3m           246Mi           
tercen-worker-worker-16-7866cc694-8m5zt   3m           277Mi           
tercen-worker-worker-8-7cc4854b97-s2l54   3m           246Mi           
tercen-worker-worker-16-7866cc694-8m5zt   3m           277Mi           
tercen-worker-worker-8-7cc4854b97-s2l54   3m           246Mi           
tercen-worker-worker-16-7866cc694-8m5zt   3m           277Mi           
tercen-worker-worker-8-7cc4854b97-s2l54   3m           246Mi           
tercen-worker-worker-16-7866cc694-8m5zt   3m           277Mi           
tercen-worker-worker-8-7cc4854b97-s2l54   3m           246Mi           
tercen-worker-worker-16-7866cc694-8m5zt   3m           277Mi           
tercen-worker-worker-8-7cc4854b97-s2l54   3m           246Mi           
tercen-worker-worker-16-7866cc694-8m5zt   3m           277Mi           
tercen-worker-worker-8-7cc4854b97-s2l54   3m           246Mi           
tercen-worker-worker-16-7866cc694-8m5zt   3m           277Mi           
tercen-worker-worker-8-7cc4854b97-s2l54   3m           246Mi           
tercen-worker-worker-16-7866cc694-8m5zt   3m           277Mi           
tercen-worker-worker-8-7cc4854b97-s2l54   3m           246Mi           
tercen-worker-worker-16-7866cc694-8m5zt   3m           277Mi           
tercen-worker-worker-16-7866cc694-8m5zt   3m           277Mi           
tercen-worker-worker-16-7866cc694-8m5zt   3m           277Mi           
tercen-worker-worker-16-7866cc694-8m5zt   3m           277Mi           
tercen-worker-worker-8-7cc4854b97-z2lmk   15m          35Mi            
tercen-worker-worker-16-7866cc694-8m5zt   3m           277Mi           
tercen-worker-worker-8-7cc4854b97-z2lmk   15m          35Mi            
tercen-worker-worker-16-7866cc694-8m5zt   3m           277Mi           
tercen-worker-worker-8-7cc4854b97-z2lmk   15m          35Mi            
tercen-worker-worker-16-7866cc694-8m5zt   3m           277Mi           
tercen-worker-worker-8-7cc4854b97-z2lmk   69m          139Mi           
tercen-worker-worker-16-7866cc694-8m5zt   3m           277Mi           
tercen-worker-worker-8-7cc4854b97-z2lmk   69m          139Mi           
tercen-worker-worker-16-7866cc694-8m5zt   3m           277Mi           
tercen-worker-worker-8-7cc4854b97-z2lmk   69m          139Mi           
tercen-worker-worker-16-7866cc694-8m5zt   3m           277Mi           
tercen-worker-worker-8-7cc4854b97-z2lmk   3m           139Mi           
tercen-worker-worker-16-7866cc694-8m5zt   3m           277Mi           
tercen-worker-worker-8-7cc4854b97-z2lmk   3m           139Mi           
tercen-worker-worker-16-7866cc694-8m5zt   3m           277Mi           
tercen-worker-worker-8-7cc4854b97-z2lmk   3m           139Mi           
tercen-worker-worker-16-7866cc694-8m5zt   3m           277Mi           
tercen-worker-worker-8-7cc4854b97-z2lmk   3m           139Mi           
tercen-worker-worker-8-7cc4854b97-z2lmk   3m           139Mi           
tercen-worker-worker-8-7cc4854b97-z2lmk   3m           139Mi           
tercen-worker-worker-16-78bfb8fd46-s9tng   218m         145Mi           
tercen-worker-worker-8-7cc4854b97-z2lmk    3m           123Mi           
tercen-worker-worker-16-78bfb8fd46-s9tng   218m         145Mi           
tercen-worker-worker-8-7cc4854b97-z2lmk    3m           123Mi           
tercen-worker-worker-16-78bfb8fd46-s9tng   3m           145Mi           
tercen-worker-worker-8-7cc4854b97-z2lmk    8m           125Mi           
tercen-worker-worker-16-78bfb8fd46-s9tng   3m           145Mi           
tercen-worker-worker-8-7cc4854b97-z2lmk    8m           125Mi           
tercen-worker-worker-16-78bfb8fd46-s9tng   3m           145Mi           
tercen-worker-worker-8-7cc4854b97-z2lmk    8m           125Mi           
tercen-worker-worker-16-78bfb8fd46-s9tng   300m         1528Mi          
tercen-worker-worker-8-7cc4854b97-z2lmk    3m           125Mi           
tercen-worker-worker-16-78bfb8fd46-s9tng   300m         1528Mi          
tercen-worker-worker-8-7cc4854b97-z2lmk    3m           125Mi           
tercen-worker-worker-16-78bfb8fd46-s9tng   300m         1528Mi          
tercen-worker-worker-8-7cc4854b97-z2lmk    3m           125Mi           
tercen-worker-worker-16-78bfb8fd46-s9tng   1045m        3663Mi          
tercen-worker-worker-8-7cc4854b97-z2lmk    3m           122Mi           
tercen-worker-worker-16-78bfb8fd46-s9tng   1045m        3663Mi          
tercen-worker-worker-8-7cc4854b97-z2lmk    3m           122Mi           
tercen-worker-worker-16-78bfb8fd46-s9tng   1045m        3663Mi          
tercen-worker-worker-8-7cc4854b97-z2lmk    3m           122Mi           
tercen-worker-worker-16-78bfb8fd46-s9tng   1022m        2370Mi          
tercen-worker-worker-8-7cc4854b97-z2lmk    3m           122Mi           
tercen-worker-worker-16-78bfb8fd46-s9tng   1022m        2370Mi          
tercen-worker-worker-8-7cc4854b97-z2lmk    3m           122Mi           
tercen-worker-worker-16-78bfb8fd46-s9tng   1022m        2370Mi          
tercen-worker-worker-8-7cc4854b97-z2lmk    3m           122Mi           
tercen-worker-worker-16-78bfb8fd46-s9tng   1072m        901Mi           
tercen-worker-worker-8-7cc4854b97-z2lmk    3m           113Mi           
tercen-worker-worker-16-78bfb8fd46-s9tng   1072m        901Mi           
tercen-worker-worker-8-7cc4854b97-z2lmk    3m           113Mi           
tercen-worker-worker-16-78bfb8fd46-s9tng   1072m        901Mi           
tercen-worker-worker-8-7cc4854b97-z2lmk    3m           113Mi           
tercen-worker-worker-16-78bfb8fd46-s9tng   567m         188Mi           
tercen-worker-worker-8-7cc4854b97-z2lmk    3m           113Mi           
tercen-worker-worker-16-78bfb8fd46-s9tng   567m         188Mi           
tercen-worker-worker-8-7cc4854b97-z2lmk    3m           113Mi           
tercen-worker-worker-16-78bfb8fd46-s9tng   567m         188Mi           
tercen-worker-worker-8-7cc4854b97-z2lmk    3m           113Mi           
tercen-worker-worker-16-78bfb8fd46-s9tng   4m           187Mi           
tercen-worker-worker-8-7cc4854b97-z2lmk    4m           113Mi           
tercen-worker-worker-16-78bfb8fd46-s9tng   4m           187Mi           
tercen-worker-worker-8-7cc4854b97-z2lmk    4m           113Mi           
tercen-worker-worker-16-78bfb8fd46-s9tng   4m           187Mi           
tercen-worker-worker-8-7cc4854b97-z2lmk    4m           113Mi           
tercen-worker-worker-16-78bfb8fd46-s9tng   3m           187Mi           
tercen-worker-worker-8-7cc4854b97-z2lmk    3m           113Mi           
tercen-worker-worker-16-78bfb8fd46-s9tng   3m           187Mi           
tercen-worker-worker-8-7cc4854b97-z2lmk    3m           113Mi           
